<html>
<body>
<pre>
<h1>µVision Build Log</h1>
<h2>Tool Versions:</h2>
IDE-Version: ¦ÌVision V5.39.0.0
Copyright (C) 2023 ARM Ltd and ARM Germany GmbH. All rights reserved.
License Information: yan sheyang, xinzhifang, LIC=32B1Q-NAHET-HL6CL-0RDSE-57IGZ-1FRWR
 
Tool Versions:
Toolchain:       MDK-ARM Plus  Version: 5.39.0.0
Toolchain Path:  C:\Keil_v5\ARM\ARMCLANG\Bin
C Compiler:      ArmClang.exe V6.21
Assembler:       Armasm.exe V6.21
Linker/Locator:  ArmLink.exe V6.21
Library Manager: ArmAr.exe V6.21
Hex Converter:   FromElf.exe V6.21
CPU DLL:         SARMCM3.DLL V5.39.0.0
Dialog DLL:      DARMCM1.DLL V1.19.6.0
Target DLL:      STLink\ST-LINKIII-KEIL_SWO.dll V3.2.0.0
Dialog DLL:      TARMCM1.DLL V1.14.6.0
 
<h2>Project:</h2>
C:\Users\hunxi\Desktop\Modern-Embedded-Systems-Programming\master\modern-embedded-programming-course-main\lesson-06\stm32c031-keil\lesson.uvprojx
Project File Date:  08/13/2024

<h2>Output:</h2>
*** Using Compiler 'V6.21', folder: 'C:\Keil_v5\ARM\ARMCLANG\Bin'
Rebuild target 'Debug'
Validate Run Time Environment: errors/warnings detected:
'Keil::Device:Startup@1.0.0': warning #515: Additional software components required
 require Device:STM32Cube Framework: Select component from list
    'Keil::Device:STM32Cube Framework:STM32CubeMX'
compiling main.c...
assembling startup_stm32c031xx.s...
RTE/Device/STM32C031C6Tx/system_stm32c0xx.c(212): warning: unsafe buffer access [-Wunsafe-buffer-usage]
  212 |   tmp = AHBPrescTable[((RCC->CFGR & RCC_CFGR_HPRE) >> RCC_CFGR_HPRE_Pos)];
      |         ^~~~~~~~~~~~~
1 warning generated.
compiling system_stm32c0xx.c...
linking...
Program Size: Code=472 RO-data=208 RW-data=0 ZI-data=1632  
".\Objects\lesson.axf" - 0 Error(s), 1 Warning(s).

<h2>Software Packages used:</h2>

Package Vendor: ARM
                https://www.keil.com/pack/ARM.CMSIS.6.0.0.pack
                ARM::CMSIS@6.0.0
                CMSIS (Common Microcontroller Software Interface Standard)
   * Component: CORE Version: 6.0.0

Package Vendor: Keil
                https://www.keil.com/pack/Keil.STM32C0xx_DFP.1.0.0.pack
                Keil::STM32C0xx_DFP@1.0.0
                STMicroelectronics STM32C0 Series Device Support
   * Component: Startup Version: 1.0.0

<h2>Collection of Component include folders:</h2>
  ./RTE/_Debug
  C:/Users/hunxi/AppData/Local/Arm/Packs/ARM/CMSIS/6.0.0/CMSIS/Core/Include
  C:/Users/hunxi/AppData/Local/Arm/Packs/Keil/STM32C0xx_DFP/1.0.0/Drivers/CMSIS/Device/ST/STM32C0xx/Include

<h2>Collection of Component Files used:</h2>

   * Component: ARM::CMSIS:CORE@6.0.0

   * Component: Keil::Device:Startup@1.0.0
      Include file:  Drivers/CMSIS/Device/ST/STM32C0xx/Include/stm32c0xx.h
      Source file:   Drivers/CMSIS/Device/ST/STM32C0xx/Source/Templates/system_stm32c0xx.c
      Source file:   Drivers/CMSIS/Device/ST/STM32C0xx/Source/Templates/arm/startup_stm32c031xx.s
Build Time Elapsed:  00:00:00
</pre>
</body>
</html>
