<html>
<body>
<pre>
<h1>µVision Build Log</h1>
<h2>Tool Versions:</h2>
IDE-Version: ¦ÌVision V5.39.0.0
Copyright (C) 2023 ARM Ltd and ARM Germany GmbH. All rights reserved.
License Information: yan sheyang, xinzhifang, LIC=32B1Q-NAHET-HL6CL-0RDSE-57IGZ-1FRWR
 
Tool Versions:
Toolchain:       MDK-ARM Plus  Version: 5.39.0.0
Toolchain Path:  C:\Keil_v5\ARM\ARMCLANG\Bin
C Compiler:      ArmClang.exe V6.21
Assembler:       Armasm.exe V6.21
Linker/Locator:  ArmLink.exe V6.21
Library Manager: ArmAr.exe V6.21
Hex Converter:   FromElf.exe V6.21
CPU DLL:         SARMCM3.DLL V5.39.0.0
Dialog DLL:      DARMCM1.DLL V1.19.6.0
Target DLL:      STLink\ST-LINKIII-KEIL_SWO.dll V3.2.0.0
Dialog DLL:      TARMCM1.DLL V1.14.6.0
 
<h2>Project:</h2>
C:\Users\hunxi\Desktop\Modern-Embedded-Systems-Programming\myself\lesson1\lesson1\MDK-ARM\lesson1.uvprojx
Project File Date:  08/14/2024

<h2>Output:</h2>
*** Using Compiler 'V6.21', folder: 'C:\Keil_v5\ARM\ARMCLANG\Bin'
Rebuild target 'lesson1'
assembling startup_stm32c031xx.s...
compiling gpio.c...
compiling stm32c0xx_it.c...
compiling stm32c0xx_hal_rcc_ex.c...
compiling stm32c0xx_hal.c...
compiling main.c...
compiling stm32c0xx_hal_msp.c...
compiling stm32c0xx_hal_flash_ex.c...
compiling stm32c0xx_hal_cortex.c...
compiling stm32c0xx_hal_flash.c...
compiling stm32c0xx_hal_gpio.c...
compiling stm32c0xx_hal_rcc.c...
compiling stm32c0xx_hal_dma.c...
compiling stm32c0xx_hal_dma_ex.c...
compiling stm32c0xx_hal_pwr.c...
compiling stm32c0xx_hal_pwr_ex.c...
compiling stm32c0xx_hal_tim.c...
compiling stm32c0xx_hal_tim_ex.c...
compiling stm32c0xx_hal_exti.c...
compiling system_stm32c0xx.c...
linking...
Program Size: Code=4240 RO-data=288 RW-data=12 ZI-data=620  
FromELF: creating hex file...
"lesson1\lesson1.axf" - 0 Error(s), 0 Warning(s).

<h2>Software Packages used:</h2>

Package Vendor: ARM
                https://www.keil.com/pack/ARM.CMSIS.6.0.0.pack
                ARM::CMSIS@6.0.0
                CMSIS (Common Microcontroller Software Interface Standard)
   * Component: CORE Version: 6.0.0

Package Vendor: Keil
                https://www.keil.com/pack/Keil.STM32C0xx_DFP.1.0.0.pack
                Keil::STM32C0xx_DFP@1.0.0
                STMicroelectronics STM32C0 Series Device Support

<h2>Collection of Component include folders:</h2>
  ./RTE/_lesson1
  C:/Users/hunxi/AppData/Local/Arm/Packs/ARM/CMSIS/6.0.0/CMSIS/Core/Include
  C:/Users/hunxi/AppData/Local/Arm/Packs/Keil/STM32C0xx_DFP/1.0.0/Drivers/CMSIS/Device/ST/STM32C0xx/Include

<h2>Collection of Component Files used:</h2>

   * Component: ARM::CMSIS:CORE@6.0.0
      Include file:  CMSIS/Core/Include/tz_context.h
Build Time Elapsed:  00:00:01
</pre>
</body>
</html>
