Component: ARM Compiler 5.06 update 7 (build 960) Tool: armlink [4d3601]

==============================================================================

Section Cross References

    startup_stm32c031xx.o(STACK) refers (Special) to heapauxi.o(.text) for __use_two_region_memory
    startup_stm32c031xx.o(HEAP) refers (Special) to heapauxi.o(.text) for __use_two_region_memory
    startup_stm32c031xx.o(RESET) refers (Special) to heapauxi.o(.text) for __use_two_region_memory
    startup_stm32c031xx.o(RESET) refers to startup_stm32c031xx.o(STACK) for __initial_sp
    startup_stm32c031xx.o(RESET) refers to startup_stm32c031xx.o(.text) for Reset_Handler
    startup_stm32c031xx.o(RESET) refers to stm32c0xx_it.o(i.NMI_Handler) for NMI_Handler
    startup_stm32c031xx.o(RESET) refers to stm32c0xx_it.o(i.HardFault_Handler) for HardFault_Handler
    startup_stm32c031xx.o(RESET) refers to stm32c0xx_it.o(i.SVC_Handler) for SVC_Handler
    startup_stm32c031xx.o(RESET) refers to stm32c0xx_it.o(i.PendSV_Handler) for PendSV_Handler
    startup_stm32c031xx.o(RESET) refers to stm32c0xx_it.o(i.SysTick_Handler) for SysTick_Handler
    startup_stm32c031xx.o(.text) refers (Special) to heapauxi.o(.text) for __use_two_region_memory
    startup_stm32c031xx.o(.text) refers to system_stm32c0xx.o(i.SystemInit) for SystemInit
    startup_stm32c031xx.o(.text) refers to __main.o(!!!main) for __main
    startup_stm32c031xx.o(.text) refers to startup_stm32c031xx.o(HEAP) for Heap_Mem
    startup_stm32c031xx.o(.text) refers to startup_stm32c031xx.o(STACK) for Stack_Mem
    main.o(i.SystemClock_Config) refers to rt_memclr.o(.text) for __aeabi_memclr4
    main.o(i.SystemClock_Config) refers to stm32c0xx_hal_rcc.o(i.HAL_RCC_OscConfig) for HAL_RCC_OscConfig
    main.o(i.SystemClock_Config) refers to stm32c0xx_hal_rcc.o(i.HAL_RCC_ClockConfig) for HAL_RCC_ClockConfig
    main.o(i.main) refers to stm32c0xx_hal.o(i.HAL_Init) for HAL_Init
    main.o(i.main) refers to main.o(i.SystemClock_Config) for SystemClock_Config
    main.o(i.main) refers to gpio.o(i.MX_GPIO_Init) for MX_GPIO_Init
    stm32c0xx_it.o(i.SysTick_Handler) refers to stm32c0xx_hal.o(i.HAL_IncTick) for HAL_IncTick
    stm32c0xx_hal.o(i.HAL_DeInit) refers to stm32c0xx_hal.o(i.HAL_MspDeInit) for HAL_MspDeInit
    stm32c0xx_hal.o(i.HAL_Delay) refers to stm32c0xx_hal.o(i.HAL_GetTick) for HAL_GetTick
    stm32c0xx_hal.o(i.HAL_Delay) refers to stm32c0xx_hal.o(.data) for .data
    stm32c0xx_hal.o(i.HAL_GetTick) refers to stm32c0xx_hal.o(.data) for .data
    stm32c0xx_hal.o(i.HAL_GetTickFreq) refers to stm32c0xx_hal.o(.data) for .data
    stm32c0xx_hal.o(i.HAL_GetTickPrio) refers to stm32c0xx_hal.o(.data) for .data
    stm32c0xx_hal.o(i.HAL_IncTick) refers to stm32c0xx_hal.o(.data) for .data
    stm32c0xx_hal.o(i.HAL_Init) refers to stm32c0xx_hal.o(i.HAL_InitTick) for HAL_InitTick
    stm32c0xx_hal.o(i.HAL_Init) refers to stm32c0xx_hal_msp.o(i.HAL_MspInit) for HAL_MspInit
    stm32c0xx_hal.o(i.HAL_InitTick) refers to aeabi_sdiv.o(.text) for __aeabi_uidivmod
    stm32c0xx_hal.o(i.HAL_InitTick) refers to stm32c0xx_hal_cortex.o(i.HAL_SYSTICK_Config) for HAL_SYSTICK_Config
    stm32c0xx_hal.o(i.HAL_InitTick) refers to stm32c0xx_hal_cortex.o(i.HAL_NVIC_SetPriority) for HAL_NVIC_SetPriority
    stm32c0xx_hal.o(i.HAL_InitTick) refers to stm32c0xx_hal.o(.data) for .data
    stm32c0xx_hal.o(i.HAL_InitTick) refers to system_stm32c0xx.o(.data) for SystemCoreClock
    stm32c0xx_hal.o(i.HAL_SetTickFreq) refers to stm32c0xx_hal.o(i.HAL_InitTick) for HAL_InitTick
    stm32c0xx_hal.o(i.HAL_SetTickFreq) refers to stm32c0xx_hal.o(.data) for .data
    stm32c0xx_hal_cortex.o(i.HAL_NVIC_SetPriority) refers to stm32c0xx_hal_cortex.o(i.__NVIC_SetPriority) for __NVIC_SetPriority
    stm32c0xx_hal_cortex.o(i.HAL_SYSTICK_Config) refers to stm32c0xx_hal_cortex.o(i.__NVIC_SetPriority) for __NVIC_SetPriority
    stm32c0xx_hal_cortex.o(i.HAL_SYSTICK_IRQHandler) refers to stm32c0xx_hal_cortex.o(i.HAL_SYSTICK_Callback) for HAL_SYSTICK_Callback
    stm32c0xx_hal_rcc.o(i.HAL_RCC_ClockConfig) refers to stm32c0xx_hal.o(i.HAL_GetTick) for HAL_GetTick
    stm32c0xx_hal_rcc.o(i.HAL_RCC_ClockConfig) refers to stm32c0xx_hal_rcc.o(i.HAL_RCC_GetSysClockFreq) for HAL_RCC_GetSysClockFreq
    stm32c0xx_hal_rcc.o(i.HAL_RCC_ClockConfig) refers to stm32c0xx_hal.o(i.HAL_InitTick) for HAL_InitTick
    stm32c0xx_hal_rcc.o(i.HAL_RCC_ClockConfig) refers to system_stm32c0xx.o(.constdata) for AHBPrescTable
    stm32c0xx_hal_rcc.o(i.HAL_RCC_ClockConfig) refers to system_stm32c0xx.o(.data) for SystemCoreClock
    stm32c0xx_hal_rcc.o(i.HAL_RCC_ClockConfig) refers to stm32c0xx_hal.o(.data) for uwTickPrio
    stm32c0xx_hal_rcc.o(i.HAL_RCC_DeInit) refers to stm32c0xx_hal.o(i.HAL_GetTick) for HAL_GetTick
    stm32c0xx_hal_rcc.o(i.HAL_RCC_DeInit) refers to stm32c0xx_hal.o(i.HAL_InitTick) for HAL_InitTick
    stm32c0xx_hal_rcc.o(i.HAL_RCC_DeInit) refers to system_stm32c0xx.o(.data) for SystemCoreClock
    stm32c0xx_hal_rcc.o(i.HAL_RCC_DeInit) refers to stm32c0xx_hal.o(.data) for uwTickPrio
    stm32c0xx_hal_rcc.o(i.HAL_RCC_GetHCLKFreq) refers to system_stm32c0xx.o(.data) for SystemCoreClock
    stm32c0xx_hal_rcc.o(i.HAL_RCC_GetPCLK1Freq) refers to system_stm32c0xx.o(.data) for SystemCoreClock
    stm32c0xx_hal_rcc.o(i.HAL_RCC_GetPCLK1Freq) refers to system_stm32c0xx.o(.constdata) for APBPrescTable
    stm32c0xx_hal_rcc.o(i.HAL_RCC_GetSysClockFreq) refers to aeabi_sdiv.o(.text) for __aeabi_uidivmod
    stm32c0xx_hal_rcc.o(i.HAL_RCC_MCOConfig) refers to stm32c0xx_hal_gpio.o(i.HAL_GPIO_Init) for HAL_GPIO_Init
    stm32c0xx_hal_rcc.o(i.HAL_RCC_NMI_IRQHandler) refers to stm32c0xx_hal_rcc.o(i.HAL_RCC_CSSCallback) for HAL_RCC_CSSCallback
    stm32c0xx_hal_rcc.o(i.HAL_RCC_NMI_IRQHandler) refers to stm32c0xx_hal_rcc.o(i.HAL_RCC_LSECSSCallback) for HAL_RCC_LSECSSCallback
    stm32c0xx_hal_rcc.o(i.HAL_RCC_OscConfig) refers to stm32c0xx_hal.o(i.HAL_GetTick) for HAL_GetTick
    stm32c0xx_hal_rcc.o(i.HAL_RCC_OscConfig) refers to aeabi_sdiv.o(.text) for __aeabi_uidivmod
    stm32c0xx_hal_rcc.o(i.HAL_RCC_OscConfig) refers to stm32c0xx_hal.o(i.HAL_InitTick) for HAL_InitTick
    stm32c0xx_hal_rcc.o(i.HAL_RCC_OscConfig) refers to system_stm32c0xx.o(.data) for SystemCoreClock
    stm32c0xx_hal_rcc.o(i.HAL_RCC_OscConfig) refers to stm32c0xx_hal.o(.data) for uwTickPrio
    stm32c0xx_hal_rcc_ex.o(i.HAL_RCCEx_EnableLSCO) refers to stm32c0xx_hal_gpio.o(i.HAL_GPIO_Init) for HAL_GPIO_Init
    stm32c0xx_hal_rcc_ex.o(i.HAL_RCCEx_GetPeriphCLKFreq) refers to stm32c0xx_hal_rcc.o(i.HAL_RCC_GetPCLK1Freq) for HAL_RCC_GetPCLK1Freq
    stm32c0xx_hal_rcc_ex.o(i.HAL_RCCEx_GetPeriphCLKFreq) refers to aeabi_sdiv.o(.text) for __aeabi_uidivmod
    stm32c0xx_hal_rcc_ex.o(i.HAL_RCCEx_GetPeriphCLKFreq) refers to stm32c0xx_hal_rcc.o(i.HAL_RCC_GetSysClockFreq) for HAL_RCC_GetSysClockFreq
    stm32c0xx_hal_rcc_ex.o(i.HAL_RCCEx_PeriphCLKConfig) refers to stm32c0xx_hal.o(i.HAL_GetTick) for HAL_GetTick
    stm32c0xx_hal_flash.o(i.FLASH_WaitForLastOperation) refers to stm32c0xx_hal.o(i.HAL_GetTick) for HAL_GetTick
    stm32c0xx_hal_flash.o(i.FLASH_WaitForLastOperation) refers to stm32c0xx_hal_flash.o(.bss) for .bss
    stm32c0xx_hal_flash.o(i.HAL_FLASH_GetError) refers to stm32c0xx_hal_flash.o(.bss) for .bss
    stm32c0xx_hal_flash.o(i.HAL_FLASH_IRQHandler) refers to stm32c0xx_hal_flash.o(i.HAL_FLASH_OperationErrorCallback) for HAL_FLASH_OperationErrorCallback
    stm32c0xx_hal_flash.o(i.HAL_FLASH_IRQHandler) refers to stm32c0xx_hal_flash_ex.o(i.FLASH_PageErase) for FLASH_PageErase
    stm32c0xx_hal_flash.o(i.HAL_FLASH_IRQHandler) refers to stm32c0xx_hal_flash.o(i.HAL_FLASH_EndOfOperationCallback) for HAL_FLASH_EndOfOperationCallback
    stm32c0xx_hal_flash.o(i.HAL_FLASH_IRQHandler) refers to stm32c0xx_hal_flash.o(.bss) for .bss
    stm32c0xx_hal_flash.o(i.HAL_FLASH_Program) refers to stm32c0xx_hal_flash.o(i.FLASH_WaitForLastOperation) for FLASH_WaitForLastOperation
    stm32c0xx_hal_flash.o(i.HAL_FLASH_Program) refers to stm32c0xx_hal_flash.o(i.FLASH_Program_Fast) for FLASH_Program_Fast
    stm32c0xx_hal_flash.o(i.HAL_FLASH_Program) refers to stm32c0xx_hal_flash.o(i.FLASH_Program_DoubleWord) for FLASH_Program_DoubleWord
    stm32c0xx_hal_flash.o(i.HAL_FLASH_Program) refers to stm32c0xx_hal_flash.o(.bss) for .bss
    stm32c0xx_hal_flash.o(i.HAL_FLASH_Program_IT) refers to stm32c0xx_hal_flash.o(i.FLASH_WaitForLastOperation) for FLASH_WaitForLastOperation
    stm32c0xx_hal_flash.o(i.HAL_FLASH_Program_IT) refers to stm32c0xx_hal_flash.o(i.FLASH_Program_Fast) for FLASH_Program_Fast
    stm32c0xx_hal_flash.o(i.HAL_FLASH_Program_IT) refers to stm32c0xx_hal_flash.o(i.FLASH_Program_DoubleWord) for FLASH_Program_DoubleWord
    stm32c0xx_hal_flash.o(i.HAL_FLASH_Program_IT) refers to stm32c0xx_hal_flash.o(.bss) for .bss
    stm32c0xx_hal_flash_ex.o(i.HAL_FLASHEx_Erase) refers to stm32c0xx_hal_flash.o(i.FLASH_WaitForLastOperation) for FLASH_WaitForLastOperation
    stm32c0xx_hal_flash_ex.o(i.HAL_FLASHEx_Erase) refers to stm32c0xx_hal_flash_ex.o(i.FLASH_MassErase) for FLASH_MassErase
    stm32c0xx_hal_flash_ex.o(i.HAL_FLASHEx_Erase) refers to stm32c0xx_hal_flash_ex.o(i.FLASH_PageErase) for FLASH_PageErase
    stm32c0xx_hal_flash_ex.o(i.HAL_FLASHEx_Erase) refers to stm32c0xx_hal_flash.o(.bss) for pFlash
    stm32c0xx_hal_flash_ex.o(i.HAL_FLASHEx_Erase_IT) refers to stm32c0xx_hal_flash.o(i.FLASH_WaitForLastOperation) for FLASH_WaitForLastOperation
    stm32c0xx_hal_flash_ex.o(i.HAL_FLASHEx_Erase_IT) refers to stm32c0xx_hal_flash_ex.o(i.FLASH_PageErase) for FLASH_PageErase
    stm32c0xx_hal_flash_ex.o(i.HAL_FLASHEx_Erase_IT) refers to stm32c0xx_hal_flash_ex.o(i.FLASH_MassErase) for FLASH_MassErase
    stm32c0xx_hal_flash_ex.o(i.HAL_FLASHEx_Erase_IT) refers to stm32c0xx_hal_flash.o(.bss) for pFlash
    stm32c0xx_hal_flash_ex.o(i.HAL_FLASHEx_OBGetConfig) refers to stm32c0xx_hal_flash_ex.o(i.FLASH_OB_GetRDP) for FLASH_OB_GetRDP
    stm32c0xx_hal_flash_ex.o(i.HAL_FLASHEx_OBGetConfig) refers to stm32c0xx_hal_flash_ex.o(i.FLASH_OB_GetUser) for FLASH_OB_GetUser
    stm32c0xx_hal_flash_ex.o(i.HAL_FLASHEx_OBProgram) refers to stm32c0xx_hal_flash_ex.o(i.FLASH_OB_GetUser) for FLASH_OB_GetUser
    stm32c0xx_hal_flash_ex.o(i.HAL_FLASHEx_OBProgram) refers to stm32c0xx_hal_flash_ex.o(i.FLASH_OB_GetRDP) for FLASH_OB_GetRDP
    stm32c0xx_hal_flash_ex.o(i.HAL_FLASHEx_OBProgram) refers to stm32c0xx_hal_flash_ex.o(i.FLASH_OB_OptrConfig) for FLASH_OB_OptrConfig
    stm32c0xx_hal_flash_ex.o(i.HAL_FLASHEx_OBProgram) refers to stm32c0xx_hal_flash.o(i.FLASH_WaitForLastOperation) for FLASH_WaitForLastOperation
    stm32c0xx_hal_flash_ex.o(i.HAL_FLASHEx_OBProgram) refers to stm32c0xx_hal_flash.o(.bss) for pFlash
    stm32c0xx_hal_gpio.o(i.HAL_GPIO_EXTI_IRQHandler) refers to stm32c0xx_hal_gpio.o(i.HAL_GPIO_EXTI_Rising_Callback) for HAL_GPIO_EXTI_Rising_Callback
    stm32c0xx_hal_gpio.o(i.HAL_GPIO_EXTI_IRQHandler) refers to stm32c0xx_hal_gpio.o(i.HAL_GPIO_EXTI_Falling_Callback) for HAL_GPIO_EXTI_Falling_Callback
    stm32c0xx_hal_dma.o(i.DMA_CalcDMAMUXChannelBaseAndMask) refers to aeabi_sdiv.o(.text) for __aeabi_uidivmod
    stm32c0xx_hal_dma.o(i.HAL_DMA_DeInit) refers to aeabi_sdiv.o(.text) for __aeabi_uidivmod
    stm32c0xx_hal_dma.o(i.HAL_DMA_DeInit) refers to stm32c0xx_hal_dma.o(i.DMA_CalcDMAMUXChannelBaseAndMask) for DMA_CalcDMAMUXChannelBaseAndMask
    stm32c0xx_hal_dma.o(i.HAL_DMA_DeInit) refers to stm32c0xx_hal_dma.o(i.DMA_CalcDMAMUXRequestGenBaseAndMask) for DMA_CalcDMAMUXRequestGenBaseAndMask
    stm32c0xx_hal_dma.o(i.HAL_DMA_Init) refers to aeabi_sdiv.o(.text) for __aeabi_uidivmod
    stm32c0xx_hal_dma.o(i.HAL_DMA_Init) refers to stm32c0xx_hal_dma.o(i.DMA_CalcDMAMUXChannelBaseAndMask) for DMA_CalcDMAMUXChannelBaseAndMask
    stm32c0xx_hal_dma.o(i.HAL_DMA_Init) refers to stm32c0xx_hal_dma.o(i.DMA_CalcDMAMUXRequestGenBaseAndMask) for DMA_CalcDMAMUXRequestGenBaseAndMask
    stm32c0xx_hal_dma.o(i.HAL_DMA_PollForTransfer) refers to stm32c0xx_hal.o(i.HAL_GetTick) for HAL_GetTick
    stm32c0xx_hal_dma.o(i.HAL_DMA_Start) refers to stm32c0xx_hal_dma.o(i.DMA_SetConfig) for DMA_SetConfig
    stm32c0xx_hal_dma.o(i.HAL_DMA_Start_IT) refers to stm32c0xx_hal_dma.o(i.DMA_SetConfig) for DMA_SetConfig
    stm32c0xx_hal_dma.o(i.HAL_DMA_UnRegisterCallback) refers to stm32c0xx_hal_dma.o(i.__ARM_common_switch8) for __ARM_common_switch8
    stm32c0xx_hal_pwr_ex.o(i.HAL_PWREx_DisableGPIOPullDown) refers to stm32c0xx_hal_dma.o(i.__ARM_common_switch8) for __ARM_common_switch8
    stm32c0xx_hal_pwr_ex.o(i.HAL_PWREx_DisableGPIOPullUp) refers to stm32c0xx_hal_dma.o(i.__ARM_common_switch8) for __ARM_common_switch8
    stm32c0xx_hal_pwr_ex.o(i.HAL_PWREx_EnableGPIOPullDown) refers to stm32c0xx_hal_dma.o(i.__ARM_common_switch8) for __ARM_common_switch8
    stm32c0xx_hal_pwr_ex.o(i.HAL_PWREx_EnableGPIOPullUp) refers to stm32c0xx_hal_dma.o(i.__ARM_common_switch8) for __ARM_common_switch8
    system_stm32c0xx.o(i.SystemCoreClockUpdate) refers to aeabi_sdiv.o(.text) for __aeabi_uidivmod
    system_stm32c0xx.o(i.SystemCoreClockUpdate) refers to system_stm32c0xx.o(.data) for .data
    system_stm32c0xx.o(i.SystemCoreClockUpdate) refers to system_stm32c0xx.o(.constdata) for .constdata
    __main.o(!!!main) refers to __rtentry.o(.ARM.Collect$$rtentry$$00000000) for __rt_entry
    __rtentry.o(.ARM.Collect$$rtentry$$00000000) refers (Special) to __rtentry2.o(.ARM.Collect$$rtentry$$0000000A) for __rt_entry_li
    __rtentry.o(.ARM.Collect$$rtentry$$00000000) refers (Special) to __rtentry2.o(.ARM.Collect$$rtentry$$0000000D) for __rt_entry_main
    __rtentry.o(.ARM.Collect$$rtentry$$00000000) refers (Special) to __rtentry2.o(.ARM.Collect$$rtentry$$0000000C) for __rt_entry_postli_1
    __rtentry.o(.ARM.Collect$$rtentry$$00000000) refers (Special) to __rtentry2.o(.ARM.Collect$$rtentry$$00000009) for __rt_entry_postsh_1
    __rtentry.o(.ARM.Collect$$rtentry$$00000000) refers (Special) to __rtentry2.o(.ARM.Collect$$rtentry$$00000002) for __rt_entry_presh_1
    __rtentry.o(.ARM.Collect$$rtentry$$00000000) refers (Special) to __rtentry4.o(.ARM.Collect$$rtentry$$00000004) for __rt_entry_sh
    aeabi_idiv0_sigfpe.o(.text) refers to rt_div0.o(.text) for __rt_div0
    __rtentry2.o(.ARM.Collect$$rtentry$$00000008) refers to boardinit2.o(.text) for _platform_post_stackheap_init
    __rtentry2.o(.ARM.Collect$$rtentry$$0000000A) refers to libinit.o(.ARM.Collect$$libinit$$00000000) for __rt_lib_init
    __rtentry2.o(.ARM.Collect$$rtentry$$0000000B) refers to boardinit3.o(.text) for _platform_post_lib_init
    __rtentry2.o(.ARM.Collect$$rtentry$$0000000D) refers to main.o(i.main) for main
    __rtentry2.o(.ARM.Collect$$rtentry$$0000000D) refers to exit.o(.text) for exit
    __rtentry2.o(.ARM.exidx) refers to __rtentry2.o(.ARM.Collect$$rtentry$$00000001) for .ARM.Collect$$rtentry$$00000001
    __rtentry2.o(.ARM.exidx) refers to __rtentry2.o(.ARM.Collect$$rtentry$$00000008) for .ARM.Collect$$rtentry$$00000008
    __rtentry2.o(.ARM.exidx) refers to __rtentry2.o(.ARM.Collect$$rtentry$$0000000A) for .ARM.Collect$$rtentry$$0000000A
    __rtentry2.o(.ARM.exidx) refers to __rtentry2.o(.ARM.Collect$$rtentry$$0000000B) for .ARM.Collect$$rtentry$$0000000B
    __rtentry2.o(.ARM.exidx) refers to __rtentry2.o(.ARM.Collect$$rtentry$$0000000D) for .ARM.Collect$$rtentry$$0000000D
    __rtentry4.o(.ARM.Collect$$rtentry$$00000004) refers to sys_stackheap_outer.o(.text) for __user_setup_stackheap
    __rtentry4.o(.ARM.exidx) refers to __rtentry4.o(.ARM.Collect$$rtentry$$00000004) for .ARM.Collect$$rtentry$$00000004
    rt_div0.o(.text) refers to defsig_fpe_outer.o(.text) for __rt_SIGFPE
    sys_stackheap_outer.o(.text) refers to libspace.o(.text) for __user_perproc_libspace
    sys_stackheap_outer.o(.text) refers to startup_stm32c031xx.o(.text) for __user_initial_stackheap
    sys_stackheap_outer.o(__vectab_stack_and_reset_area) refers to tempstk.o(.text) for __temporary_stack_top
    sys_stackheap_outer.o(__vectab_stack_and_reset_area) refers to __main.o(!!!main) for __main
    exit.o(.text) refers to rtexit.o(.ARM.Collect$$rtexit$$00000000) for __rt_exit
    defsig_fpe_outer.o(.text) refers to defsig_fpe_inner.o(.text) for __rt_SIGFPE_inner
    defsig_fpe_outer.o(.text) refers to defsig_exit.o(.text) for __sig_exit
    defsig_fpe_formal.o(.text) refers to rt_raise.o(.text) for __rt_raise
    libinit.o(.ARM.Collect$$libinit$$00000000) refers (Special) to libinit2.o(.ARM.Collect$$libinit$$0000002E) for __rt_lib_init_alloca_1
    libinit.o(.ARM.Collect$$libinit$$00000000) refers (Special) to libinit2.o(.ARM.Collect$$libinit$$0000002C) for __rt_lib_init_argv_1
    libinit.o(.ARM.Collect$$libinit$$00000000) refers (Special) to libinit2.o(.ARM.Collect$$libinit$$0000001B) for __rt_lib_init_atexit_1
    libinit.o(.ARM.Collect$$libinit$$00000000) refers (Special) to libinit2.o(.ARM.Collect$$libinit$$00000021) for __rt_lib_init_clock_1
    libinit.o(.ARM.Collect$$libinit$$00000000) refers (Special) to libinit2.o(.ARM.Collect$$libinit$$00000032) for __rt_lib_init_cpp_1
    libinit.o(.ARM.Collect$$libinit$$00000000) refers (Special) to libinit2.o(.ARM.Collect$$libinit$$00000030) for __rt_lib_init_exceptions_1
    libinit.o(.ARM.Collect$$libinit$$00000000) refers (Special) to libinit2.o(.ARM.Collect$$libinit$$00000002) for __rt_lib_init_fp_1
    libinit.o(.ARM.Collect$$libinit$$00000000) refers (Special) to libinit2.o(.ARM.Collect$$libinit$$0000001F) for __rt_lib_init_fp_trap_1
    libinit.o(.ARM.Collect$$libinit$$00000000) refers (Special) to libinit2.o(.ARM.Collect$$libinit$$00000023) for __rt_lib_init_getenv_1
    libinit.o(.ARM.Collect$$libinit$$00000000) refers (Special) to libinit2.o(.ARM.Collect$$libinit$$0000000A) for __rt_lib_init_heap_1
    libinit.o(.ARM.Collect$$libinit$$00000000) refers (Special) to libinit2.o(.ARM.Collect$$libinit$$00000011) for __rt_lib_init_lc_collate_1
    libinit.o(.ARM.Collect$$libinit$$00000000) refers (Special) to libinit2.o(.ARM.Collect$$libinit$$00000013) for __rt_lib_init_lc_ctype_1
    libinit.o(.ARM.Collect$$libinit$$00000000) refers (Special) to libinit2.o(.ARM.Collect$$libinit$$00000015) for __rt_lib_init_lc_monetary_1
    libinit.o(.ARM.Collect$$libinit$$00000000) refers (Special) to libinit2.o(.ARM.Collect$$libinit$$00000017) for __rt_lib_init_lc_numeric_1
    libinit.o(.ARM.Collect$$libinit$$00000000) refers (Special) to libinit2.o(.ARM.Collect$$libinit$$00000019) for __rt_lib_init_lc_time_1
    libinit.o(.ARM.Collect$$libinit$$00000000) refers (Special) to libinit2.o(.ARM.Collect$$libinit$$00000004) for __rt_lib_init_preinit_1
    libinit.o(.ARM.Collect$$libinit$$00000000) refers (Special) to libinit2.o(.ARM.Collect$$libinit$$0000000E) for __rt_lib_init_rand_1
    libinit.o(.ARM.Collect$$libinit$$00000000) refers (Special) to libinit2.o(.ARM.Collect$$libinit$$00000033) for __rt_lib_init_return
    libinit.o(.ARM.Collect$$libinit$$00000000) refers (Special) to libinit2.o(.ARM.Collect$$libinit$$0000001D) for __rt_lib_init_signal_1
    libinit.o(.ARM.Collect$$libinit$$00000000) refers (Special) to libinit2.o(.ARM.Collect$$libinit$$00000025) for __rt_lib_init_stdio_1
    libinit.o(.ARM.Collect$$libinit$$00000000) refers (Special) to libinit2.o(.ARM.Collect$$libinit$$0000000C) for __rt_lib_init_user_alloc_1
    libspace.o(.text) refers to libspace.o(.bss) for __libspace_start
    rtexit.o(.ARM.Collect$$rtexit$$00000000) refers (Special) to rtexit2.o(.ARM.Collect$$rtexit$$00000004) for __rt_exit_exit
    rtexit.o(.ARM.Collect$$rtexit$$00000000) refers (Special) to rtexit2.o(.ARM.Collect$$rtexit$$00000003) for __rt_exit_ls
    rtexit.o(.ARM.Collect$$rtexit$$00000000) refers (Special) to rtexit2.o(.ARM.Collect$$rtexit$$00000002) for __rt_exit_prels_1
    rtexit.o(.ARM.exidx) refers (Special) to rtexit2.o(.ARM.Collect$$rtexit$$00000004) for __rt_exit_exit
    rtexit.o(.ARM.exidx) refers (Special) to rtexit2.o(.ARM.Collect$$rtexit$$00000003) for __rt_exit_ls
    rtexit.o(.ARM.exidx) refers (Special) to rtexit2.o(.ARM.Collect$$rtexit$$00000002) for __rt_exit_prels_1
    rtexit.o(.ARM.exidx) refers to rtexit.o(.ARM.Collect$$rtexit$$00000000) for .ARM.Collect$$rtexit$$00000000
    rt_raise.o(.text) refers to __raise.o(.text) for __raise
    rt_raise.o(.text) refers to sys_exit.o(.text) for _sys_exit
    defsig_exit.o(.text) refers to sys_exit.o(.text) for _sys_exit
    defsig_fpe_inner.o(.text) refers to defsig_general.o(.text) for __default_signal_display
    libinit2.o(.ARM.Collect$$libinit$$00000010) refers to libinit2.o(.ARM.Collect$$libinit$$0000000F) for .ARM.Collect$$libinit$$0000000F
    libinit2.o(.ARM.Collect$$libinit$$00000012) refers to libinit2.o(.ARM.Collect$$libinit$$0000000F) for .ARM.Collect$$libinit$$0000000F
    libinit2.o(.ARM.Collect$$libinit$$00000014) refers to libinit2.o(.ARM.Collect$$libinit$$0000000F) for .ARM.Collect$$libinit$$0000000F
    libinit2.o(.ARM.Collect$$libinit$$00000016) refers to libinit2.o(.ARM.Collect$$libinit$$0000000F) for .ARM.Collect$$libinit$$0000000F
    libinit2.o(.ARM.Collect$$libinit$$00000018) refers to libinit2.o(.ARM.Collect$$libinit$$0000000F) for .ARM.Collect$$libinit$$0000000F
    libinit2.o(.ARM.Collect$$libinit$$00000026) refers to argv_veneer.o(.text) for __ARM_argv_veneer
    libinit2.o(.ARM.Collect$$libinit$$00000027) refers to argv_veneer.o(.text) for __ARM_argv_veneer
    sys_exit.o(.text) refers (Special) to use_no_semi.o(.text) for __I$use$semihosting
    sys_exit.o(.text) refers (Special) to indicate_semi.o(.text) for __semihosting_library_function
    rtexit2.o(.ARM.Collect$$rtexit$$00000003) refers to libshutdown.o(.ARM.Collect$$libshutdown$$00000000) for __rt_lib_shutdown
    rtexit2.o(.ARM.Collect$$rtexit$$00000004) refers to sys_exit.o(.text) for _sys_exit
    rtexit2.o(.ARM.exidx) refers to rtexit2.o(.ARM.Collect$$rtexit$$00000001) for .ARM.Collect$$rtexit$$00000001
    rtexit2.o(.ARM.exidx) refers to rtexit2.o(.ARM.Collect$$rtexit$$00000003) for .ARM.Collect$$rtexit$$00000003
    rtexit2.o(.ARM.exidx) refers to rtexit2.o(.ARM.Collect$$rtexit$$00000004) for .ARM.Collect$$rtexit$$00000004
    __raise.o(.text) refers to defsig.o(CL$$defsig) for __default_signal_handler
    defsig_general.o(.text) refers to sys_wrch.o(.text) for _ttywrch
    sys_wrch.o(.text) refers (Special) to use_no_semi.o(.text) for __I$use$semihosting
    sys_wrch.o(.text) refers (Special) to indicate_semi.o(.text) for __semihosting_library_function
    defsig.o(CL$$defsig) refers to defsig_fpe_inner.o(.text) for __rt_SIGFPE_inner
    defsig.o(CL$$defsig) refers to defsig_rtmem_inner.o(.text) for __rt_SIGRTMEM_inner
    _get_argv_nomalloc.o(.text) refers (Special) to hrguard.o(.text) for __heap_region$guard
    _get_argv_nomalloc.o(.text) refers to defsig_rtmem_outer.o(.text) for __rt_SIGRTMEM
    _get_argv_nomalloc.o(.text) refers to sys_command.o(.text) for _sys_command_string
    libshutdown.o(.ARM.Collect$$libshutdown$$00000000) refers (Special) to libshutdown2.o(.ARM.Collect$$libshutdown$$00000004) for __rt_lib_shutdown_cpp_1
    libshutdown.o(.ARM.Collect$$libshutdown$$00000000) refers (Special) to libshutdown2.o(.ARM.Collect$$libshutdown$$00000002) for __rt_lib_shutdown_fini_1
    libshutdown.o(.ARM.Collect$$libshutdown$$00000000) refers (Special) to libshutdown2.o(.ARM.Collect$$libshutdown$$00000009) for __rt_lib_shutdown_fp_trap_1
    libshutdown.o(.ARM.Collect$$libshutdown$$00000000) refers (Special) to libshutdown2.o(.ARM.Collect$$libshutdown$$00000011) for __rt_lib_shutdown_heap_1
    libshutdown.o(.ARM.Collect$$libshutdown$$00000000) refers (Special) to libshutdown2.o(.ARM.Collect$$libshutdown$$00000012) for __rt_lib_shutdown_return
    libshutdown.o(.ARM.Collect$$libshutdown$$00000000) refers (Special) to libshutdown2.o(.ARM.Collect$$libshutdown$$0000000C) for __rt_lib_shutdown_signal_1
    libshutdown.o(.ARM.Collect$$libshutdown$$00000000) refers (Special) to libshutdown2.o(.ARM.Collect$$libshutdown$$00000006) for __rt_lib_shutdown_stdio_1
    libshutdown.o(.ARM.Collect$$libshutdown$$00000000) refers (Special) to libshutdown2.o(.ARM.Collect$$libshutdown$$0000000E) for __rt_lib_shutdown_user_alloc_1
    sys_command.o(.text) refers (Special) to use_no_semi.o(.text) for __I$use$semihosting
    sys_command.o(.text) refers (Special) to indicate_semi.o(.text) for __semihosting_library_function
    defsig_abrt_inner.o(.text) refers to defsig_general.o(.text) for __default_signal_display
    defsig_rtred_inner.o(.text) refers to defsig_general.o(.text) for __default_signal_display
    defsig_rtmem_inner.o(.text) refers to defsig_general.o(.text) for __default_signal_display
    defsig_rtmem_outer.o(.text) refers to defsig_rtmem_inner.o(.text) for __rt_SIGRTMEM_inner
    defsig_rtmem_outer.o(.text) refers to defsig_exit.o(.text) for __sig_exit
    defsig_rtmem_formal.o(.text) refers to rt_raise.o(.text) for __rt_raise
    defsig_stak_inner.o(.text) refers to defsig_general.o(.text) for __default_signal_display
    defsig_pvfn_inner.o(.text) refers to defsig_general.o(.text) for __default_signal_display
    defsig_cppl_inner.o(.text) refers to defsig_general.o(.text) for __default_signal_display
    defsig_segv_inner.o(.text) refers to defsig_general.o(.text) for __default_signal_display
    defsig_other.o(.text) refers to defsig_general.o(.text) for __default_signal_display


==============================================================================

Removing Unused input sections from the image.

    Removing main.o(.rev16_text), (4 bytes).
    Removing main.o(.revsh_text), (4 bytes).
    Removing main.o(i.Error_Handler), (4 bytes).
    Removing gpio.o(.rev16_text), (4 bytes).
    Removing gpio.o(.revsh_text), (4 bytes).
    Removing stm32c0xx_it.o(.rev16_text), (4 bytes).
    Removing stm32c0xx_it.o(.revsh_text), (4 bytes).
    Removing stm32c0xx_hal_msp.o(.rev16_text), (4 bytes).
    Removing stm32c0xx_hal_msp.o(.revsh_text), (4 bytes).
    Removing stm32c0xx_hal.o(.rev16_text), (4 bytes).
    Removing stm32c0xx_hal.o(.revsh_text), (4 bytes).
    Removing stm32c0xx_hal.o(i.HAL_DBGMCU_DisableDBGStandbyMode), (16 bytes).
    Removing stm32c0xx_hal.o(i.HAL_DBGMCU_DisableDBGStopMode), (16 bytes).
    Removing stm32c0xx_hal.o(i.HAL_DBGMCU_EnableDBGStandbyMode), (16 bytes).
    Removing stm32c0xx_hal.o(i.HAL_DBGMCU_EnableDBGStopMode), (16 bytes).
    Removing stm32c0xx_hal.o(i.HAL_DeInit), (40 bytes).
    Removing stm32c0xx_hal.o(i.HAL_Delay), (36 bytes).
    Removing stm32c0xx_hal.o(i.HAL_GetDEVID), (16 bytes).
    Removing stm32c0xx_hal.o(i.HAL_GetHalVersion), (8 bytes).
    Removing stm32c0xx_hal.o(i.HAL_GetREVID), (12 bytes).
    Removing stm32c0xx_hal.o(i.HAL_GetTickFreq), (12 bytes).
    Removing stm32c0xx_hal.o(i.HAL_GetTickPrio), (12 bytes).
    Removing stm32c0xx_hal.o(i.HAL_GetUIDw0), (12 bytes).
    Removing stm32c0xx_hal.o(i.HAL_GetUIDw1), (12 bytes).
    Removing stm32c0xx_hal.o(i.HAL_GetUIDw2), (12 bytes).
    Removing stm32c0xx_hal.o(i.HAL_MspDeInit), (2 bytes).
    Removing stm32c0xx_hal.o(i.HAL_MspInit), (2 bytes).
    Removing stm32c0xx_hal.o(i.HAL_ResumeTick), (16 bytes).
    Removing stm32c0xx_hal.o(i.HAL_SYSCFG_DisableIOAnalogSwitchBooster), (16 bytes).
    Removing stm32c0xx_hal.o(i.HAL_SYSCFG_DisableRemap), (16 bytes).
    Removing stm32c0xx_hal.o(i.HAL_SYSCFG_EnableIOAnalogSwitchBooster), (16 bytes).
    Removing stm32c0xx_hal.o(i.HAL_SYSCFG_EnableRemap), (16 bytes).
    Removing stm32c0xx_hal.o(i.HAL_SYSCFG_GetPinBinding), (16 bytes).
    Removing stm32c0xx_hal.o(i.HAL_SYSCFG_SetPinBinding), (20 bytes).
    Removing stm32c0xx_hal.o(i.HAL_SetTickFreq), (32 bytes).
    Removing stm32c0xx_hal.o(i.HAL_SuspendTick), (16 bytes).
    Removing stm32c0xx_hal_cortex.o(.rev16_text), (4 bytes).
    Removing stm32c0xx_hal_cortex.o(.revsh_text), (4 bytes).
    Removing stm32c0xx_hal_cortex.o(i.HAL_MPU_ConfigRegion), (84 bytes).
    Removing stm32c0xx_hal_cortex.o(i.HAL_MPU_Disable), (16 bytes).
    Removing stm32c0xx_hal_cortex.o(i.HAL_MPU_Enable), (24 bytes).
    Removing stm32c0xx_hal_cortex.o(i.HAL_NVIC_ClearPendingIRQ), (24 bytes).
    Removing stm32c0xx_hal_cortex.o(i.HAL_NVIC_DisableIRQ), (32 bytes).
    Removing stm32c0xx_hal_cortex.o(i.HAL_NVIC_EnableIRQ), (24 bytes).
    Removing stm32c0xx_hal_cortex.o(i.HAL_NVIC_GetPendingIRQ), (32 bytes).
    Removing stm32c0xx_hal_cortex.o(i.HAL_NVIC_GetPriority), (52 bytes).
    Removing stm32c0xx_hal_cortex.o(i.HAL_NVIC_SetPendingIRQ), (24 bytes).
    Removing stm32c0xx_hal_cortex.o(i.HAL_NVIC_SystemReset), (28 bytes).
    Removing stm32c0xx_hal_cortex.o(i.HAL_SYSTICK_CLKSourceConfig), (24 bytes).
    Removing stm32c0xx_hal_cortex.o(i.HAL_SYSTICK_Callback), (2 bytes).
    Removing stm32c0xx_hal_cortex.o(i.HAL_SYSTICK_IRQHandler), (8 bytes).
    Removing stm32c0xx_hal_rcc.o(.rev16_text), (4 bytes).
    Removing stm32c0xx_hal_rcc.o(.revsh_text), (4 bytes).
    Removing stm32c0xx_hal_rcc.o(i.HAL_RCC_CSSCallback), (2 bytes).
    Removing stm32c0xx_hal_rcc.o(i.HAL_RCC_DeInit), (172 bytes).
    Removing stm32c0xx_hal_rcc.o(i.HAL_RCC_DisableLSECSS), (16 bytes).
    Removing stm32c0xx_hal_rcc.o(i.HAL_RCC_EnableCSS), (20 bytes).
    Removing stm32c0xx_hal_rcc.o(i.HAL_RCC_EnableLSECSS), (16 bytes).
    Removing stm32c0xx_hal_rcc.o(i.HAL_RCC_GetClockConfig), (56 bytes).
    Removing stm32c0xx_hal_rcc.o(i.HAL_RCC_GetHCLKFreq), (12 bytes).
    Removing stm32c0xx_hal_rcc.o(i.HAL_RCC_GetOscConfig), (64 bytes).
    Removing stm32c0xx_hal_rcc.o(i.HAL_RCC_GetPCLK1Freq), (40 bytes).
    Removing stm32c0xx_hal_rcc.o(i.HAL_RCC_LSECSSCallback), (2 bytes).
    Removing stm32c0xx_hal_rcc.o(i.HAL_RCC_MCOConfig), (108 bytes).
    Removing stm32c0xx_hal_rcc.o(i.HAL_RCC_NMI_IRQHandler), (36 bytes).
    Removing stm32c0xx_hal_rcc_ex.o(.rev16_text), (4 bytes).
    Removing stm32c0xx_hal_rcc_ex.o(.revsh_text), (4 bytes).
    Removing stm32c0xx_hal_rcc_ex.o(i.HAL_RCCEx_DisableLSCO), (20 bytes).
    Removing stm32c0xx_hal_rcc_ex.o(i.HAL_RCCEx_EnableLSCO), (76 bytes).
    Removing stm32c0xx_hal_rcc_ex.o(i.HAL_RCCEx_GetPeriphCLKConfig), (72 bytes).
    Removing stm32c0xx_hal_rcc_ex.o(i.HAL_RCCEx_GetPeriphCLKFreq), (264 bytes).
    Removing stm32c0xx_hal_rcc_ex.o(i.HAL_RCCEx_PeriphCLKConfig), (276 bytes).
    Removing stm32c0xx_hal_flash.o(.rev16_text), (4 bytes).
    Removing stm32c0xx_hal_flash.o(.revsh_text), (4 bytes).
    Removing stm32c0xx_hal_flash.o(i.FLASH_Program_DoubleWord), (28 bytes).
    Removing stm32c0xx_hal_flash.o(i.FLASH_Program_Fast), (52 bytes).
    Removing stm32c0xx_hal_flash.o(i.FLASH_WaitForLastOperation), (92 bytes).
    Removing stm32c0xx_hal_flash.o(i.HAL_FLASH_EndOfOperationCallback), (2 bytes).
    Removing stm32c0xx_hal_flash.o(i.HAL_FLASH_GetError), (12 bytes).
    Removing stm32c0xx_hal_flash.o(i.HAL_FLASH_IRQHandler), (148 bytes).
    Removing stm32c0xx_hal_flash.o(i.HAL_FLASH_Lock), (28 bytes).
    Removing stm32c0xx_hal_flash.o(i.HAL_FLASH_OB_Launch), (20 bytes).
    Removing stm32c0xx_hal_flash.o(i.HAL_FLASH_OB_Lock), (28 bytes).
    Removing stm32c0xx_hal_flash.o(i.HAL_FLASH_OB_Unlock), (40 bytes).
    Removing stm32c0xx_hal_flash.o(i.HAL_FLASH_OperationErrorCallback), (2 bytes).
    Removing stm32c0xx_hal_flash.o(i.HAL_FLASH_Program), (96 bytes).
    Removing stm32c0xx_hal_flash.o(i.HAL_FLASH_Program_IT), (104 bytes).
    Removing stm32c0xx_hal_flash.o(i.HAL_FLASH_Unlock), (40 bytes).
    Removing stm32c0xx_hal_flash.o(.bss), (24 bytes).
    Removing stm32c0xx_hal_flash_ex.o(.rev16_text), (4 bytes).
    Removing stm32c0xx_hal_flash_ex.o(.revsh_text), (4 bytes).
    Removing stm32c0xx_hal_flash_ex.o(i.FLASH_FlushCaches), (44 bytes).
    Removing stm32c0xx_hal_flash_ex.o(i.FLASH_MassErase), (20 bytes).
    Removing stm32c0xx_hal_flash_ex.o(i.FLASH_OB_GetRDP), (24 bytes).
    Removing stm32c0xx_hal_flash_ex.o(i.FLASH_OB_GetUser), (20 bytes).
    Removing stm32c0xx_hal_flash_ex.o(i.FLASH_OB_OptrConfig), (24 bytes).
    Removing stm32c0xx_hal_flash_ex.o(i.FLASH_PageErase), (28 bytes).
    Removing stm32c0xx_hal_flash_ex.o(i.HAL_FLASHEx_DisableDebugger), (20 bytes).
    Removing stm32c0xx_hal_flash_ex.o(i.HAL_FLASHEx_EnableDebugger), (20 bytes).
    Removing stm32c0xx_hal_flash_ex.o(i.HAL_FLASHEx_EnableSecMemProtection), (16 bytes).
    Removing stm32c0xx_hal_flash_ex.o(i.HAL_FLASHEx_Erase), (128 bytes).
    Removing stm32c0xx_hal_flash_ex.o(i.HAL_FLASHEx_Erase_IT), (96 bytes).
    Removing stm32c0xx_hal_flash_ex.o(i.HAL_FLASHEx_FlashEmptyCheck), (16 bytes).
    Removing stm32c0xx_hal_flash_ex.o(i.HAL_FLASHEx_ForceFlashEmpty), (20 bytes).
    Removing stm32c0xx_hal_flash_ex.o(i.HAL_FLASHEx_OBGetConfig), (160 bytes).
    Removing stm32c0xx_hal_flash_ex.o(i.HAL_FLASHEx_OBProgram), (268 bytes).
    Removing stm32c0xx_hal_gpio.o(.rev16_text), (4 bytes).
    Removing stm32c0xx_hal_gpio.o(.revsh_text), (4 bytes).
    Removing stm32c0xx_hal_gpio.o(i.HAL_GPIO_DeInit), (216 bytes).
    Removing stm32c0xx_hal_gpio.o(i.HAL_GPIO_EXTI_Falling_Callback), (2 bytes).
    Removing stm32c0xx_hal_gpio.o(i.HAL_GPIO_EXTI_IRQHandler), (40 bytes).
    Removing stm32c0xx_hal_gpio.o(i.HAL_GPIO_EXTI_Rising_Callback), (2 bytes).
    Removing stm32c0xx_hal_gpio.o(i.HAL_GPIO_Init), (332 bytes).
    Removing stm32c0xx_hal_gpio.o(i.HAL_GPIO_LockPin), (36 bytes).
    Removing stm32c0xx_hal_gpio.o(i.HAL_GPIO_ReadPin), (10 bytes).
    Removing stm32c0xx_hal_gpio.o(i.HAL_GPIO_TogglePin), (16 bytes).
    Removing stm32c0xx_hal_gpio.o(i.HAL_GPIO_WriteMultipleStatePin), (8 bytes).
    Removing stm32c0xx_hal_gpio.o(i.HAL_GPIO_WritePin), (12 bytes).
    Removing stm32c0xx_hal_dma.o(.rev16_text), (4 bytes).
    Removing stm32c0xx_hal_dma.o(.revsh_text), (4 bytes).
    Removing stm32c0xx_hal_dma.o(i.DMA_CalcDMAMUXChannelBaseAndMask), (48 bytes).
    Removing stm32c0xx_hal_dma.o(i.DMA_CalcDMAMUXRequestGenBaseAndMask), (36 bytes).
    Removing stm32c0xx_hal_dma.o(i.DMA_SetConfig), (72 bytes).
    Removing stm32c0xx_hal_dma.o(i.HAL_DMA_Abort), (116 bytes).
    Removing stm32c0xx_hal_dma.o(i.HAL_DMA_Abort_IT), (128 bytes).
    Removing stm32c0xx_hal_dma.o(i.HAL_DMA_DeInit), (132 bytes).
    Removing stm32c0xx_hal_dma.o(i.HAL_DMA_GetError), (4 bytes).
    Removing stm32c0xx_hal_dma.o(i.HAL_DMA_GetState), (6 bytes).
    Removing stm32c0xx_hal_dma.o(i.HAL_DMA_IRQHandler), (184 bytes).
    Removing stm32c0xx_hal_dma.o(i.HAL_DMA_Init), (160 bytes).
    Removing stm32c0xx_hal_dma.o(i.HAL_DMA_PollForTransfer), (280 bytes).
    Removing stm32c0xx_hal_dma.o(i.HAL_DMA_RegisterCallback), (72 bytes).
    Removing stm32c0xx_hal_dma.o(i.HAL_DMA_Start), (80 bytes).
    Removing stm32c0xx_hal_dma.o(i.HAL_DMA_Start_IT), (144 bytes).
    Removing stm32c0xx_hal_dma.o(i.HAL_DMA_UnRegisterCallback), (78 bytes).
    Removing stm32c0xx_hal_dma_ex.o(.rev16_text), (4 bytes).
    Removing stm32c0xx_hal_dma_ex.o(.revsh_text), (4 bytes).
    Removing stm32c0xx_hal_dma_ex.o(i.HAL_DMAEx_ConfigMuxRequestGenerator), (60 bytes).
    Removing stm32c0xx_hal_dma_ex.o(i.HAL_DMAEx_ConfigMuxSync), (78 bytes).
    Removing stm32c0xx_hal_dma_ex.o(i.HAL_DMAEx_DisableMuxRequestGenerator), (32 bytes).
    Removing stm32c0xx_hal_dma_ex.o(i.HAL_DMAEx_EnableMuxRequestGenerator), (32 bytes).
    Removing stm32c0xx_hal_dma_ex.o(i.HAL_DMAEx_MUX_IRQHandler), (104 bytes).
    Removing stm32c0xx_hal_pwr.o(.rev16_text), (4 bytes).
    Removing stm32c0xx_hal_pwr.o(.revsh_text), (4 bytes).
    Removing stm32c0xx_hal_pwr.o(i.HAL_PWR_DeInit), (24 bytes).
    Removing stm32c0xx_hal_pwr.o(i.HAL_PWR_DisableSEVOnPend), (16 bytes).
    Removing stm32c0xx_hal_pwr.o(i.HAL_PWR_DisableSleepOnExit), (16 bytes).
    Removing stm32c0xx_hal_pwr.o(i.HAL_PWR_DisableWakeUpPin), (20 bytes).
    Removing stm32c0xx_hal_pwr.o(i.HAL_PWR_EnableSEVOnPend), (16 bytes).
    Removing stm32c0xx_hal_pwr.o(i.HAL_PWR_EnableSleepOnExit), (16 bytes).
    Removing stm32c0xx_hal_pwr.o(i.HAL_PWR_EnableWakeUpPin), (28 bytes).
    Removing stm32c0xx_hal_pwr.o(i.HAL_PWR_EnterSLEEPMode), (32 bytes).
    Removing stm32c0xx_hal_pwr.o(i.HAL_PWR_EnterSTANDBYMode), (36 bytes).
    Removing stm32c0xx_hal_pwr.o(i.HAL_PWR_EnterSTOPMode), (52 bytes).
    Removing stm32c0xx_hal_pwr_ex.o(.rev16_text), (4 bytes).
    Removing stm32c0xx_hal_pwr_ex.o(.revsh_text), (4 bytes).
    Removing stm32c0xx_hal_pwr_ex.o(i.HAL_PWREx_BKUPRead), (16 bytes).
    Removing stm32c0xx_hal_pwr_ex.o(i.HAL_PWREx_BKUPWrite), (16 bytes).
    Removing stm32c0xx_hal_pwr_ex.o(i.HAL_PWREx_DisableFlashPowerDown), (16 bytes).
    Removing stm32c0xx_hal_pwr_ex.o(i.HAL_PWREx_DisableGPIOPullDown), (76 bytes).
    Removing stm32c0xx_hal_pwr_ex.o(i.HAL_PWREx_DisableGPIOPullUp), (76 bytes).
    Removing stm32c0xx_hal_pwr_ex.o(i.HAL_PWREx_DisableInternalWakeUpLine), (16 bytes).
    Removing stm32c0xx_hal_pwr_ex.o(i.HAL_PWREx_DisablePullUpPullDownConfig), (16 bytes).
    Removing stm32c0xx_hal_pwr_ex.o(i.HAL_PWREx_EnableFlashPowerDown), (16 bytes).
    Removing stm32c0xx_hal_pwr_ex.o(i.HAL_PWREx_EnableGPIOPullDown), (104 bytes).
    Removing stm32c0xx_hal_pwr_ex.o(i.HAL_PWREx_EnableGPIOPullUp), (104 bytes).
    Removing stm32c0xx_hal_pwr_ex.o(i.HAL_PWREx_EnableInternalWakeUpLine), (16 bytes).
    Removing stm32c0xx_hal_pwr_ex.o(i.HAL_PWREx_EnablePullUpPullDownConfig), (16 bytes).
    Removing stm32c0xx_hal_pwr_ex.o(i.HAL_PWREx_EnterSHUTDOWNMode), (36 bytes).
    Removing stm32c0xx_hal_exti.o(.rev16_text), (4 bytes).
    Removing stm32c0xx_hal_exti.o(.revsh_text), (4 bytes).
    Removing stm32c0xx_hal_exti.o(i.HAL_EXTI_ClearConfigLine), (120 bytes).
    Removing stm32c0xx_hal_exti.o(i.HAL_EXTI_ClearPending), (40 bytes).
    Removing stm32c0xx_hal_exti.o(i.HAL_EXTI_GenerateSWI), (28 bytes).
    Removing stm32c0xx_hal_exti.o(i.HAL_EXTI_GetConfigLine), (160 bytes).
    Removing stm32c0xx_hal_exti.o(i.HAL_EXTI_GetHandle), (14 bytes).
    Removing stm32c0xx_hal_exti.o(i.HAL_EXTI_GetPending), (44 bytes).
    Removing stm32c0xx_hal_exti.o(i.HAL_EXTI_IRQHandler), (68 bytes).
    Removing stm32c0xx_hal_exti.o(i.HAL_EXTI_RegisterCallback), (30 bytes).
    Removing stm32c0xx_hal_exti.o(i.HAL_EXTI_SetConfigLine), (176 bytes).
    Removing stm32c0xx_hal_tim.o(.rev16_text), (4 bytes).
    Removing stm32c0xx_hal_tim.o(.revsh_text), (4 bytes).
    Removing stm32c0xx_hal_tim_ex.o(.rev16_text), (4 bytes).
    Removing stm32c0xx_hal_tim_ex.o(.revsh_text), (4 bytes).
    Removing system_stm32c0xx.o(.rev16_text), (4 bytes).
    Removing system_stm32c0xx.o(.revsh_text), (4 bytes).
    Removing system_stm32c0xx.o(i.SystemCoreClockUpdate), (100 bytes).
    Removing system_stm32c0xx.o(.constdata), (32 bytes).
    Removing stm32c0xx_hal_dma.o(i.__ARM_common_switch8), (26 bytes).

189 unused section(s) (total 7944 bytes) removed from the image.

==============================================================================

Image Symbol Table

    Local Symbols

    Symbol Name                              Value     Ov Type        Size  Object(Section)

    ../Core/Src/gpio.c                       0x00000000   Number         0  gpio.o ABSOLUTE
    ../Core/Src/main.c                       0x00000000   Number         0  main.o ABSOLUTE
    ../Core/Src/stm32c0xx_hal_msp.c          0x00000000   Number         0  stm32c0xx_hal_msp.o ABSOLUTE
    ../Core/Src/stm32c0xx_it.c               0x00000000   Number         0  stm32c0xx_it.o ABSOLUTE
    ../Core/Src/system_stm32c0xx.c           0x00000000   Number         0  system_stm32c0xx.o ABSOLUTE
    ../clib/angel/boardlib.s                 0x00000000   Number         0  boardinit2.o ABSOLUTE
    ../clib/angel/boardlib.s                 0x00000000   Number         0  boardinit3.o ABSOLUTE
    ../clib/angel/boardlib.s                 0x00000000   Number         0  boardinit1.o ABSOLUTE
    ../clib/angel/boardlib.s                 0x00000000   Number         0  boardshut.o ABSOLUTE
    ../clib/angel/handlers.s                 0x00000000   Number         0  __scatter_copy.o ABSOLUTE
    ../clib/angel/handlers.s                 0x00000000   Number         0  __scatter_zi.o ABSOLUTE
    ../clib/angel/kernel.s                   0x00000000   Number         0  rtexit.o ABSOLUTE
    ../clib/angel/kernel.s                   0x00000000   Number         0  __rtentry.o ABSOLUTE
    ../clib/angel/kernel.s                   0x00000000   Number         0  __rtentry2.o ABSOLUTE
    ../clib/angel/kernel.s                   0x00000000   Number         0  rtexit2.o ABSOLUTE
    ../clib/angel/kernel.s                   0x00000000   Number         0  __rtentry4.o ABSOLUTE
    ../clib/angel/rt.s                       0x00000000   Number         0  rt_raise.o ABSOLUTE
    ../clib/angel/rt.s                       0x00000000   Number         0  aeabi_idiv0.o ABSOLUTE
    ../clib/angel/rt.s                       0x00000000   Number         0  aeabi_idiv0_sigfpe.o ABSOLUTE
    ../clib/angel/rt.s                       0x00000000   Number         0  rt_div0.o ABSOLUTE
    ../clib/angel/scatterp.s                 0x00000000   Number         0  __scatter.o ABSOLUTE
    ../clib/angel/startup.s                  0x00000000   Number         0  __main.o ABSOLUTE
    ../clib/angel/sys.s                      0x00000000   Number         0  tempstk.o ABSOLUTE
    ../clib/angel/sys.s                      0x00000000   Number         0  indicate_semi.o ABSOLUTE
    ../clib/angel/sys.s                      0x00000000   Number         0  sys_stackheap_outer.o ABSOLUTE
    ../clib/angel/sys.s                      0x00000000   Number         0  use_no_semi.o ABSOLUTE
    ../clib/angel/sys.s                      0x00000000   Number         0  libspace.o ABSOLUTE
    ../clib/angel/sysapp.c                   0x00000000   Number         0  sys_wrch.o ABSOLUTE
    ../clib/angel/sysapp.c                   0x00000000   Number         0  sys_command.o ABSOLUTE
    ../clib/angel/sysapp.c                   0x00000000   Number         0  sys_exit.o ABSOLUTE
    ../clib/armsys.c                         0x00000000   Number         0  no_argv.o ABSOLUTE
    ../clib/armsys.c                         0x00000000   Number         0  argv_veneer.o ABSOLUTE
    ../clib/armsys.c                         0x00000000   Number         0  _get_argv_nomalloc.o ABSOLUTE
    ../clib/division.s                       0x00000000   Number         0  aeabi_sdiv.o ABSOLUTE
    ../clib/division.s                       0x00000000   Number         0  aeabi_sdiv_div0.o ABSOLUTE
    ../clib/heapalloc.c                      0x00000000   Number         0  hrguard.o ABSOLUTE
    ../clib/heapaux.c                        0x00000000   Number         0  heapauxi.o ABSOLUTE
    ../clib/libinit.s                        0x00000000   Number         0  libinit.o ABSOLUTE
    ../clib/libinit.s                        0x00000000   Number         0  libshutdown2.o ABSOLUTE
    ../clib/libinit.s                        0x00000000   Number         0  libshutdown.o ABSOLUTE
    ../clib/libinit.s                        0x00000000   Number         0  libinit2.o ABSOLUTE
    ../clib/memcpset.c                       0x00000000   Number         0  rt_memclr.o ABSOLUTE
    ../clib/signal.c                         0x00000000   Number         0  defsig_rtmem_formal.o ABSOLUTE
    ../clib/signal.c                         0x00000000   Number         0  defsig_stak_inner.o ABSOLUTE
    ../clib/signal.c                         0x00000000   Number         0  defsig_pvfn_inner.o ABSOLUTE
    ../clib/signal.c                         0x00000000   Number         0  __raise.o ABSOLUTE
    ../clib/signal.c                         0x00000000   Number         0  defsig_rtmem_inner.o ABSOLUTE
    ../clib/signal.c                         0x00000000   Number         0  defsig_abrt_inner.o ABSOLUTE
    ../clib/signal.c                         0x00000000   Number         0  defsig_fpe_outer.o ABSOLUTE
    ../clib/signal.c                         0x00000000   Number         0  defsig_fpe_formal.o ABSOLUTE
    ../clib/signal.c                         0x00000000   Number         0  defsig_fpe_inner.o ABSOLUTE
    ../clib/signal.c                         0x00000000   Number         0  defsig_general.o ABSOLUTE
    ../clib/signal.c                         0x00000000   Number         0  defsig_cppl_inner.o ABSOLUTE
    ../clib/signal.c                         0x00000000   Number         0  defsig_segv_inner.o ABSOLUTE
    ../clib/signal.c                         0x00000000   Number         0  defsig_other.o ABSOLUTE
    ../clib/signal.c                         0x00000000   Number         0  defsig_rtred_inner.o ABSOLUTE
    ../clib/signal.c                         0x00000000   Number         0  defsig_rtmem_outer.o ABSOLUTE
    ../clib/signal.c                         0x00000000   Number         0  defsig_exit.o ABSOLUTE
    ../clib/signal.s                         0x00000000   Number         0  defsig.o ABSOLUTE
    ../clib/stdlib.c                         0x00000000   Number         0  exit.o ABSOLUTE
    ../fplib/cfplib/fpinit.c                 0x00000000   Number         0  fpinit.o ABSOLUTE
    ..\Core\Src\gpio.c                       0x00000000   Number         0  gpio.o ABSOLUTE
    ..\Core\Src\main.c                       0x00000000   Number         0  main.o ABSOLUTE
    ..\Core\Src\stm32c0xx_hal_msp.c          0x00000000   Number         0  stm32c0xx_hal_msp.o ABSOLUTE
    ..\Core\Src\stm32c0xx_it.c               0x00000000   Number         0  stm32c0xx_it.o ABSOLUTE
    ..\Core\Src\system_stm32c0xx.c           0x00000000   Number         0  system_stm32c0xx.o ABSOLUTE
    C:/Users/hunxi/STM32Cube/Repository/STM32Cube_FW_C0_V1.1.0/Drivers/STM32C0xx_HAL_Driver/Src/stm32c0xx_hal.c 0x00000000   Number         0  stm32c0xx_hal.o ABSOLUTE
    C:/Users/hunxi/STM32Cube/Repository/STM32Cube_FW_C0_V1.1.0/Drivers/STM32C0xx_HAL_Driver/Src/stm32c0xx_hal_cortex.c 0x00000000   Number         0  stm32c0xx_hal_cortex.o ABSOLUTE
    C:/Users/hunxi/STM32Cube/Repository/STM32Cube_FW_C0_V1.1.0/Drivers/STM32C0xx_HAL_Driver/Src/stm32c0xx_hal_dma.c 0x00000000   Number         0  stm32c0xx_hal_dma.o ABSOLUTE
    C:/Users/hunxi/STM32Cube/Repository/STM32Cube_FW_C0_V1.1.0/Drivers/STM32C0xx_HAL_Driver/Src/stm32c0xx_hal_dma_ex.c 0x00000000   Number         0  stm32c0xx_hal_dma_ex.o ABSOLUTE
    C:/Users/hunxi/STM32Cube/Repository/STM32Cube_FW_C0_V1.1.0/Drivers/STM32C0xx_HAL_Driver/Src/stm32c0xx_hal_exti.c 0x00000000   Number         0  stm32c0xx_hal_exti.o ABSOLUTE
    C:/Users/hunxi/STM32Cube/Repository/STM32Cube_FW_C0_V1.1.0/Drivers/STM32C0xx_HAL_Driver/Src/stm32c0xx_hal_flash.c 0x00000000   Number         0  stm32c0xx_hal_flash.o ABSOLUTE
    C:/Users/hunxi/STM32Cube/Repository/STM32Cube_FW_C0_V1.1.0/Drivers/STM32C0xx_HAL_Driver/Src/stm32c0xx_hal_flash_ex.c 0x00000000   Number         0  stm32c0xx_hal_flash_ex.o ABSOLUTE
    C:/Users/hunxi/STM32Cube/Repository/STM32Cube_FW_C0_V1.1.0/Drivers/STM32C0xx_HAL_Driver/Src/stm32c0xx_hal_gpio.c 0x00000000   Number         0  stm32c0xx_hal_gpio.o ABSOLUTE
    C:/Users/hunxi/STM32Cube/Repository/STM32Cube_FW_C0_V1.1.0/Drivers/STM32C0xx_HAL_Driver/Src/stm32c0xx_hal_pwr.c 0x00000000   Number         0  stm32c0xx_hal_pwr.o ABSOLUTE
    C:/Users/hunxi/STM32Cube/Repository/STM32Cube_FW_C0_V1.1.0/Drivers/STM32C0xx_HAL_Driver/Src/stm32c0xx_hal_pwr_ex.c 0x00000000   Number         0  stm32c0xx_hal_pwr_ex.o ABSOLUTE
    C:/Users/hunxi/STM32Cube/Repository/STM32Cube_FW_C0_V1.1.0/Drivers/STM32C0xx_HAL_Driver/Src/stm32c0xx_hal_rcc.c 0x00000000   Number         0  stm32c0xx_hal_rcc.o ABSOLUTE
    C:/Users/hunxi/STM32Cube/Repository/STM32Cube_FW_C0_V1.1.0/Drivers/STM32C0xx_HAL_Driver/Src/stm32c0xx_hal_rcc_ex.c 0x00000000   Number         0  stm32c0xx_hal_rcc_ex.o ABSOLUTE
    C:/Users/hunxi/STM32Cube/Repository/STM32Cube_FW_C0_V1.1.0/Drivers/STM32C0xx_HAL_Driver/Src/stm32c0xx_hal_tim.c 0x00000000   Number         0  stm32c0xx_hal_tim.o ABSOLUTE
    C:/Users/hunxi/STM32Cube/Repository/STM32Cube_FW_C0_V1.1.0/Drivers/STM32C0xx_HAL_Driver/Src/stm32c0xx_hal_tim_ex.c 0x00000000   Number         0  stm32c0xx_hal_tim_ex.o ABSOLUTE
    C:\Users\hunxi\STM32Cube\Repository\STM32Cube_FW_C0_V1.1.0\Drivers\STM32C0xx_HAL_Driver\Src\stm32c0xx_hal.c 0x00000000   Number         0  stm32c0xx_hal.o ABSOLUTE
    C:\Users\hunxi\STM32Cube\Repository\STM32Cube_FW_C0_V1.1.0\Drivers\STM32C0xx_HAL_Driver\Src\stm32c0xx_hal_cortex.c 0x00000000   Number         0  stm32c0xx_hal_cortex.o ABSOLUTE
    C:\Users\hunxi\STM32Cube\Repository\STM32Cube_FW_C0_V1.1.0\Drivers\STM32C0xx_HAL_Driver\Src\stm32c0xx_hal_dma.c 0x00000000   Number         0  stm32c0xx_hal_dma.o ABSOLUTE
    C:\Users\hunxi\STM32Cube\Repository\STM32Cube_FW_C0_V1.1.0\Drivers\STM32C0xx_HAL_Driver\Src\stm32c0xx_hal_dma_ex.c 0x00000000   Number         0  stm32c0xx_hal_dma_ex.o ABSOLUTE
    C:\Users\hunxi\STM32Cube\Repository\STM32Cube_FW_C0_V1.1.0\Drivers\STM32C0xx_HAL_Driver\Src\stm32c0xx_hal_exti.c 0x00000000   Number         0  stm32c0xx_hal_exti.o ABSOLUTE
    C:\Users\hunxi\STM32Cube\Repository\STM32Cube_FW_C0_V1.1.0\Drivers\STM32C0xx_HAL_Driver\Src\stm32c0xx_hal_flash.c 0x00000000   Number         0  stm32c0xx_hal_flash.o ABSOLUTE
    C:\Users\hunxi\STM32Cube\Repository\STM32Cube_FW_C0_V1.1.0\Drivers\STM32C0xx_HAL_Driver\Src\stm32c0xx_hal_flash_ex.c 0x00000000   Number         0  stm32c0xx_hal_flash_ex.o ABSOLUTE
    C:\Users\hunxi\STM32Cube\Repository\STM32Cube_FW_C0_V1.1.0\Drivers\STM32C0xx_HAL_Driver\Src\stm32c0xx_hal_gpio.c 0x00000000   Number         0  stm32c0xx_hal_gpio.o ABSOLUTE
    C:\Users\hunxi\STM32Cube\Repository\STM32Cube_FW_C0_V1.1.0\Drivers\STM32C0xx_HAL_Driver\Src\stm32c0xx_hal_pwr.c 0x00000000   Number         0  stm32c0xx_hal_pwr.o ABSOLUTE
    C:\Users\hunxi\STM32Cube\Repository\STM32Cube_FW_C0_V1.1.0\Drivers\STM32C0xx_HAL_Driver\Src\stm32c0xx_hal_pwr_ex.c 0x00000000   Number         0  stm32c0xx_hal_pwr_ex.o ABSOLUTE
    C:\Users\hunxi\STM32Cube\Repository\STM32Cube_FW_C0_V1.1.0\Drivers\STM32C0xx_HAL_Driver\Src\stm32c0xx_hal_rcc.c 0x00000000   Number         0  stm32c0xx_hal_rcc.o ABSOLUTE
    C:\Users\hunxi\STM32Cube\Repository\STM32Cube_FW_C0_V1.1.0\Drivers\STM32C0xx_HAL_Driver\Src\stm32c0xx_hal_rcc_ex.c 0x00000000   Number         0  stm32c0xx_hal_rcc_ex.o ABSOLUTE
    C:\Users\hunxi\STM32Cube\Repository\STM32Cube_FW_C0_V1.1.0\Drivers\STM32C0xx_HAL_Driver\Src\stm32c0xx_hal_tim.c 0x00000000   Number         0  stm32c0xx_hal_tim.o ABSOLUTE
    C:\Users\hunxi\STM32Cube\Repository\STM32Cube_FW_C0_V1.1.0\Drivers\STM32C0xx_HAL_Driver\Src\stm32c0xx_hal_tim_ex.c 0x00000000   Number         0  stm32c0xx_hal_tim_ex.o ABSOLUTE
    dc.s                                     0x00000000   Number         0  dc.o ABSOLUTE
    startup_stm32c031xx.s                    0x00000000   Number         0  startup_stm32c031xx.o ABSOLUTE
    RESET                                    0x08000000   Section      192  startup_stm32c031xx.o(RESET)
    !!!main                                  0x080000c0   Section        8  __main.o(!!!main)
    !!!scatter                               0x080000c8   Section       60  __scatter.o(!!!scatter)
    !!handler_copy                           0x08000104   Section       26  __scatter_copy.o(!!handler_copy)
    !!handler_zi                             0x08000120   Section       28  __scatter_zi.o(!!handler_zi)
    .ARM.Collect$$libinit$$00000000          0x0800013c   Section        2  libinit.o(.ARM.Collect$$libinit$$00000000)
    .ARM.Collect$$libinit$$00000002          0x0800013e   Section        0  libinit2.o(.ARM.Collect$$libinit$$00000002)
    .ARM.Collect$$libinit$$00000004          0x0800013e   Section        0  libinit2.o(.ARM.Collect$$libinit$$00000004)
    .ARM.Collect$$libinit$$0000000A          0x0800013e   Section        0  libinit2.o(.ARM.Collect$$libinit$$0000000A)
    .ARM.Collect$$libinit$$0000000C          0x0800013e   Section        0  libinit2.o(.ARM.Collect$$libinit$$0000000C)
    .ARM.Collect$$libinit$$0000000E          0x0800013e   Section        0  libinit2.o(.ARM.Collect$$libinit$$0000000E)
    .ARM.Collect$$libinit$$00000011          0x0800013e   Section        0  libinit2.o(.ARM.Collect$$libinit$$00000011)
    .ARM.Collect$$libinit$$00000013          0x0800013e   Section        0  libinit2.o(.ARM.Collect$$libinit$$00000013)
    .ARM.Collect$$libinit$$00000015          0x0800013e   Section        0  libinit2.o(.ARM.Collect$$libinit$$00000015)
    .ARM.Collect$$libinit$$00000017          0x0800013e   Section        0  libinit2.o(.ARM.Collect$$libinit$$00000017)
    .ARM.Collect$$libinit$$00000019          0x0800013e   Section        0  libinit2.o(.ARM.Collect$$libinit$$00000019)
    .ARM.Collect$$libinit$$0000001B          0x0800013e   Section        0  libinit2.o(.ARM.Collect$$libinit$$0000001B)
    .ARM.Collect$$libinit$$0000001D          0x0800013e   Section        0  libinit2.o(.ARM.Collect$$libinit$$0000001D)
    .ARM.Collect$$libinit$$0000001F          0x0800013e   Section        0  libinit2.o(.ARM.Collect$$libinit$$0000001F)
    .ARM.Collect$$libinit$$00000021          0x0800013e   Section        0  libinit2.o(.ARM.Collect$$libinit$$00000021)
    .ARM.Collect$$libinit$$00000023          0x0800013e   Section        0  libinit2.o(.ARM.Collect$$libinit$$00000023)
    .ARM.Collect$$libinit$$00000025          0x0800013e   Section        0  libinit2.o(.ARM.Collect$$libinit$$00000025)
    .ARM.Collect$$libinit$$0000002C          0x0800013e   Section        0  libinit2.o(.ARM.Collect$$libinit$$0000002C)
    .ARM.Collect$$libinit$$0000002E          0x0800013e   Section        0  libinit2.o(.ARM.Collect$$libinit$$0000002E)
    .ARM.Collect$$libinit$$00000030          0x0800013e   Section        0  libinit2.o(.ARM.Collect$$libinit$$00000030)
    .ARM.Collect$$libinit$$00000032          0x0800013e   Section        0  libinit2.o(.ARM.Collect$$libinit$$00000032)
    .ARM.Collect$$libinit$$00000033          0x0800013e   Section        2  libinit2.o(.ARM.Collect$$libinit$$00000033)
    .ARM.Collect$$libshutdown$$00000000      0x08000140   Section        2  libshutdown.o(.ARM.Collect$$libshutdown$$00000000)
    .ARM.Collect$$libshutdown$$00000002      0x08000142   Section        0  libshutdown2.o(.ARM.Collect$$libshutdown$$00000002)
    .ARM.Collect$$libshutdown$$00000004      0x08000142   Section        0  libshutdown2.o(.ARM.Collect$$libshutdown$$00000004)
    .ARM.Collect$$libshutdown$$00000006      0x08000142   Section        0  libshutdown2.o(.ARM.Collect$$libshutdown$$00000006)
    .ARM.Collect$$libshutdown$$00000009      0x08000142   Section        0  libshutdown2.o(.ARM.Collect$$libshutdown$$00000009)
    .ARM.Collect$$libshutdown$$0000000C      0x08000142   Section        0  libshutdown2.o(.ARM.Collect$$libshutdown$$0000000C)
    .ARM.Collect$$libshutdown$$0000000E      0x08000142   Section        0  libshutdown2.o(.ARM.Collect$$libshutdown$$0000000E)
    .ARM.Collect$$libshutdown$$00000011      0x08000142   Section        0  libshutdown2.o(.ARM.Collect$$libshutdown$$00000011)
    .ARM.Collect$$libshutdown$$00000012      0x08000142   Section        2  libshutdown2.o(.ARM.Collect$$libshutdown$$00000012)
    .ARM.Collect$$rtentry$$00000000          0x08000144   Section        0  __rtentry.o(.ARM.Collect$$rtentry$$00000000)
    .ARM.Collect$$rtentry$$00000002          0x08000144   Section        0  __rtentry2.o(.ARM.Collect$$rtentry$$00000002)
    .ARM.Collect$$rtentry$$00000004          0x08000144   Section        6  __rtentry4.o(.ARM.Collect$$rtentry$$00000004)
    .ARM.Collect$$rtentry$$00000009          0x0800014a   Section        0  __rtentry2.o(.ARM.Collect$$rtentry$$00000009)
    .ARM.Collect$$rtentry$$0000000A          0x0800014a   Section        4  __rtentry2.o(.ARM.Collect$$rtentry$$0000000A)
    .ARM.Collect$$rtentry$$0000000C          0x0800014e   Section        0  __rtentry2.o(.ARM.Collect$$rtentry$$0000000C)
    .ARM.Collect$$rtentry$$0000000D          0x0800014e   Section        8  __rtentry2.o(.ARM.Collect$$rtentry$$0000000D)
    .ARM.Collect$$rtexit$$00000000           0x08000156   Section        2  rtexit.o(.ARM.Collect$$rtexit$$00000000)
    .ARM.Collect$$rtexit$$00000002           0x08000158   Section        0  rtexit2.o(.ARM.Collect$$rtexit$$00000002)
    .ARM.Collect$$rtexit$$00000003           0x08000158   Section        4  rtexit2.o(.ARM.Collect$$rtexit$$00000003)
    .ARM.Collect$$rtexit$$00000004           0x0800015c   Section        6  rtexit2.o(.ARM.Collect$$rtexit$$00000004)
    .text                                    0x08000164   Section       52  startup_stm32c031xx.o(.text)
    .text                                    0x08000198   Section        0  rt_memclr.o(.text)
    .text                                    0x080001d8   Section      346  aeabi_sdiv.o(.text)
    .text                                    0x08000332   Section        0  heapauxi.o(.text)
    .text                                    0x08000338   Section       62  sys_stackheap_outer.o(.text)
    .text                                    0x08000376   Section        0  exit.o(.text)
    .text                                    0x08000388   Section        8  libspace.o(.text)
    .text                                    0x08000390   Section        0  sys_exit.o(.text)
    .text                                    0x0800039c   Section        2  use_no_semi.o(.text)
    .text                                    0x0800039e   Section        0  indicate_semi.o(.text)
    i.HAL_GetTick                            0x080003a0   Section        0  stm32c0xx_hal.o(i.HAL_GetTick)
    i.HAL_IncTick                            0x080003ac   Section        0  stm32c0xx_hal.o(i.HAL_IncTick)
    i.HAL_Init                               0x080003bc   Section        0  stm32c0xx_hal.o(i.HAL_Init)
    i.HAL_InitTick                           0x080003d8   Section        0  stm32c0xx_hal.o(i.HAL_InitTick)
    i.HAL_MspInit                            0x08000420   Section        0  stm32c0xx_hal_msp.o(i.HAL_MspInit)
    i.HAL_NVIC_SetPriority                   0x0800044c   Section        0  stm32c0xx_hal_cortex.o(i.HAL_NVIC_SetPriority)
    i.HAL_RCC_ClockConfig                    0x08000454   Section        0  stm32c0xx_hal_rcc.o(i.HAL_RCC_ClockConfig)
    i.HAL_RCC_GetSysClockFreq                0x080005b4   Section        0  stm32c0xx_hal_rcc.o(i.HAL_RCC_GetSysClockFreq)
    i.HAL_RCC_OscConfig                      0x08000610   Section        0  stm32c0xx_hal_rcc.o(i.HAL_RCC_OscConfig)
    i.HAL_SYSTICK_Config                     0x08000858   Section        0  stm32c0xx_hal_cortex.o(i.HAL_SYSTICK_Config)
    i.HardFault_Handler                      0x08000888   Section        0  stm32c0xx_it.o(i.HardFault_Handler)
    i.MX_GPIO_Init                           0x0800088c   Section        0  gpio.o(i.MX_GPIO_Init)
    i.NMI_Handler                            0x080008b4   Section        0  stm32c0xx_it.o(i.NMI_Handler)
    i.PendSV_Handler                         0x080008b6   Section        0  stm32c0xx_it.o(i.PendSV_Handler)
    i.SVC_Handler                            0x080008b8   Section        0  stm32c0xx_it.o(i.SVC_Handler)
    i.SysTick_Handler                        0x080008ba   Section        0  stm32c0xx_it.o(i.SysTick_Handler)
    i.SystemClock_Config                     0x080008c2   Section        0  main.o(i.SystemClock_Config)
    i.SystemInit                             0x08000914   Section        0  system_stm32c0xx.o(i.SystemInit)
    i.__NVIC_SetPriority                     0x08000924   Section        0  stm32c0xx_hal_cortex.o(i.__NVIC_SetPriority)
    __NVIC_SetPriority                       0x08000925   Thumb Code    60  stm32c0xx_hal_cortex.o(i.__NVIC_SetPriority)
    i.main                                   0x08000968   Section        0  main.o(i.main)
    .constdata                               0x08000980   Section       64  system_stm32c0xx.o(.constdata)
    .data                                    0x20000000   Section       12  stm32c0xx_hal.o(.data)
    .data                                    0x2000000c   Section        4  system_stm32c0xx.o(.data)
    .bss                                     0x20000010   Section       96  libspace.o(.bss)
    HEAP                                     0x20000070   Section      512  startup_stm32c031xx.o(HEAP)
    Heap_Mem                                 0x20000070   Data         512  startup_stm32c031xx.o(HEAP)
    STACK                                    0x20000270   Section        0  startup_stm32c031xx.o(STACK)
    Stack_Mem                                0x20000270   Data           0  startup_stm32c031xx.o(STACK)
    __initial_sp                             0x20000270   Data           0  startup_stm32c031xx.o(STACK)

    Global Symbols

    Symbol Name                              Value     Ov Type        Size  Object(Section)

    BuildAttributes$$THM_ISAv3M$S$PE$A:L22$X:L11$S22$IEEE1$IW$USESV6$~STKCKD$USESV7$~SHL$OSPACE$ROPI$EBA8$UX$STANDARDLIB$REQ8$PRES8$EABIv2 0x00000000   Number         0  anon$$obj.o ABSOLUTE
    __ARM_use_no_argv                        0x00000000   Number         0  main.o ABSOLUTE
    __ARM_exceptions_init                     - Undefined Weak Reference
    __alloca_initialize                       - Undefined Weak Reference
    __arm_fini_                               - Undefined Weak Reference
    __arm_preinit_                            - Undefined Weak Reference
    __cpp_initialize__aeabi_                  - Undefined Weak Reference
    __cxa_finalize                            - Undefined Weak Reference
    __rt_locale                               - Undefined Weak Reference
    __sigvec_lookup                           - Undefined Weak Reference
    _atexit_init                              - Undefined Weak Reference
    _call_atexit_fns                          - Undefined Weak Reference
    _clock_init                               - Undefined Weak Reference
    _fp_trap_init                             - Undefined Weak Reference
    _fp_trap_shutdown                         - Undefined Weak Reference
    _get_lc_collate                           - Undefined Weak Reference
    _get_lc_ctype                             - Undefined Weak Reference
    _get_lc_monetary                          - Undefined Weak Reference
    _get_lc_numeric                           - Undefined Weak Reference
    _get_lc_time                              - Undefined Weak Reference
    _getenv_init                              - Undefined Weak Reference
    _handle_redirection                       - Undefined Weak Reference
    _init_alloc                               - Undefined Weak Reference
    _init_user_alloc                          - Undefined Weak Reference
    _initio                                   - Undefined Weak Reference
    _rand_init                                - Undefined Weak Reference
    _signal_finish                            - Undefined Weak Reference
    _signal_init                              - Undefined Weak Reference
    _terminate_alloc                          - Undefined Weak Reference
    _terminate_user_alloc                     - Undefined Weak Reference
    _terminateio                              - Undefined Weak Reference
    __Vectors_Size                           0x000000c0   Number         0  startup_stm32c031xx.o ABSOLUTE
    __Vectors                                0x08000000   Data           4  startup_stm32c031xx.o(RESET)
    __Vectors_End                            0x080000c0   Data           0  startup_stm32c031xx.o(RESET)
    __main                                   0x080000c1   Thumb Code     8  __main.o(!!!main)
    __scatterload                            0x080000c9   Thumb Code     0  __scatter.o(!!!scatter)
    __scatterload_rt2                        0x080000c9   Thumb Code    52  __scatter.o(!!!scatter)
    __scatterload_rt2_thumb_only             0x080000c9   Thumb Code     0  __scatter.o(!!!scatter)
    __scatterload_null                       0x080000d9   Thumb Code     0  __scatter.o(!!!scatter)
    __scatterload_copy                       0x08000105   Thumb Code    26  __scatter_copy.o(!!handler_copy)
    __scatterload_zeroinit                   0x08000121   Thumb Code    28  __scatter_zi.o(!!handler_zi)
    __rt_lib_init                            0x0800013d   Thumb Code     0  libinit.o(.ARM.Collect$$libinit$$00000000)
    __rt_lib_init_alloca_1                   0x0800013f   Thumb Code     0  libinit2.o(.ARM.Collect$$libinit$$0000002E)
    __rt_lib_init_argv_1                     0x0800013f   Thumb Code     0  libinit2.o(.ARM.Collect$$libinit$$0000002C)
    __rt_lib_init_atexit_1                   0x0800013f   Thumb Code     0  libinit2.o(.ARM.Collect$$libinit$$0000001B)
    __rt_lib_init_clock_1                    0x0800013f   Thumb Code     0  libinit2.o(.ARM.Collect$$libinit$$00000021)
    __rt_lib_init_cpp_1                      0x0800013f   Thumb Code     0  libinit2.o(.ARM.Collect$$libinit$$00000032)
    __rt_lib_init_exceptions_1               0x0800013f   Thumb Code     0  libinit2.o(.ARM.Collect$$libinit$$00000030)
    __rt_lib_init_fp_1                       0x0800013f   Thumb Code     0  libinit2.o(.ARM.Collect$$libinit$$00000002)
    __rt_lib_init_fp_trap_1                  0x0800013f   Thumb Code     0  libinit2.o(.ARM.Collect$$libinit$$0000001F)
    __rt_lib_init_getenv_1                   0x0800013f   Thumb Code     0  libinit2.o(.ARM.Collect$$libinit$$00000023)
    __rt_lib_init_heap_1                     0x0800013f   Thumb Code     0  libinit2.o(.ARM.Collect$$libinit$$0000000A)
    __rt_lib_init_lc_collate_1               0x0800013f   Thumb Code     0  libinit2.o(.ARM.Collect$$libinit$$00000011)
    __rt_lib_init_lc_ctype_1                 0x0800013f   Thumb Code     0  libinit2.o(.ARM.Collect$$libinit$$00000013)
    __rt_lib_init_lc_monetary_1              0x0800013f   Thumb Code     0  libinit2.o(.ARM.Collect$$libinit$$00000015)
    __rt_lib_init_lc_numeric_1               0x0800013f   Thumb Code     0  libinit2.o(.ARM.Collect$$libinit$$00000017)
    __rt_lib_init_lc_time_1                  0x0800013f   Thumb Code     0  libinit2.o(.ARM.Collect$$libinit$$00000019)
    __rt_lib_init_preinit_1                  0x0800013f   Thumb Code     0  libinit2.o(.ARM.Collect$$libinit$$00000004)
    __rt_lib_init_rand_1                     0x0800013f   Thumb Code     0  libinit2.o(.ARM.Collect$$libinit$$0000000E)
    __rt_lib_init_return                     0x0800013f   Thumb Code     0  libinit2.o(.ARM.Collect$$libinit$$00000033)
    __rt_lib_init_signal_1                   0x0800013f   Thumb Code     0  libinit2.o(.ARM.Collect$$libinit$$0000001D)
    __rt_lib_init_stdio_1                    0x0800013f   Thumb Code     0  libinit2.o(.ARM.Collect$$libinit$$00000025)
    __rt_lib_init_user_alloc_1               0x0800013f   Thumb Code     0  libinit2.o(.ARM.Collect$$libinit$$0000000C)
    __rt_lib_shutdown                        0x08000141   Thumb Code     0  libshutdown.o(.ARM.Collect$$libshutdown$$00000000)
    __rt_lib_shutdown_cpp_1                  0x08000143   Thumb Code     0  libshutdown2.o(.ARM.Collect$$libshutdown$$00000004)
    __rt_lib_shutdown_fini_1                 0x08000143   Thumb Code     0  libshutdown2.o(.ARM.Collect$$libshutdown$$00000002)
    __rt_lib_shutdown_fp_trap_1              0x08000143   Thumb Code     0  libshutdown2.o(.ARM.Collect$$libshutdown$$00000009)
    __rt_lib_shutdown_heap_1                 0x08000143   Thumb Code     0  libshutdown2.o(.ARM.Collect$$libshutdown$$00000011)
    __rt_lib_shutdown_return                 0x08000143   Thumb Code     0  libshutdown2.o(.ARM.Collect$$libshutdown$$00000012)
    __rt_lib_shutdown_signal_1               0x08000143   Thumb Code     0  libshutdown2.o(.ARM.Collect$$libshutdown$$0000000C)
    __rt_lib_shutdown_stdio_1                0x08000143   Thumb Code     0  libshutdown2.o(.ARM.Collect$$libshutdown$$00000006)
    __rt_lib_shutdown_user_alloc_1           0x08000143   Thumb Code     0  libshutdown2.o(.ARM.Collect$$libshutdown$$0000000E)
    __rt_entry                               0x08000145   Thumb Code     0  __rtentry.o(.ARM.Collect$$rtentry$$00000000)
    __rt_entry_presh_1                       0x08000145   Thumb Code     0  __rtentry2.o(.ARM.Collect$$rtentry$$00000002)
    __rt_entry_sh                            0x08000145   Thumb Code     0  __rtentry4.o(.ARM.Collect$$rtentry$$00000004)
    __rt_entry_li                            0x0800014b   Thumb Code     0  __rtentry2.o(.ARM.Collect$$rtentry$$0000000A)
    __rt_entry_postsh_1                      0x0800014b   Thumb Code     0  __rtentry2.o(.ARM.Collect$$rtentry$$00000009)
    __rt_entry_main                          0x0800014f   Thumb Code     0  __rtentry2.o(.ARM.Collect$$rtentry$$0000000D)
    __rt_entry_postli_1                      0x0800014f   Thumb Code     0  __rtentry2.o(.ARM.Collect$$rtentry$$0000000C)
    __rt_exit                                0x08000157   Thumb Code     0  rtexit.o(.ARM.Collect$$rtexit$$00000000)
    __rt_exit_ls                             0x08000159   Thumb Code     0  rtexit2.o(.ARM.Collect$$rtexit$$00000003)
    __rt_exit_prels_1                        0x08000159   Thumb Code     0  rtexit2.o(.ARM.Collect$$rtexit$$00000002)
    __rt_exit_exit                           0x0800015d   Thumb Code     0  rtexit2.o(.ARM.Collect$$rtexit$$00000004)
    Reset_Handler                            0x08000165   Thumb Code     8  startup_stm32c031xx.o(.text)
    ADC1_IRQHandler                          0x08000177   Thumb Code     0  startup_stm32c031xx.o(.text)
    DMA1_Channel1_IRQHandler                 0x08000177   Thumb Code     0  startup_stm32c031xx.o(.text)
    DMA1_Channel2_3_IRQHandler               0x08000177   Thumb Code     0  startup_stm32c031xx.o(.text)
    DMAMUX1_IRQHandler                       0x08000177   Thumb Code     0  startup_stm32c031xx.o(.text)
    EXTI0_1_IRQHandler                       0x08000177   Thumb Code     0  startup_stm32c031xx.o(.text)
    EXTI2_3_IRQHandler                       0x08000177   Thumb Code     0  startup_stm32c031xx.o(.text)
    EXTI4_15_IRQHandler                      0x08000177   Thumb Code     0  startup_stm32c031xx.o(.text)
    FLASH_IRQHandler                         0x08000177   Thumb Code     0  startup_stm32c031xx.o(.text)
    I2C1_IRQHandler                          0x08000177   Thumb Code     0  startup_stm32c031xx.o(.text)
    RCC_IRQHandler                           0x08000177   Thumb Code     0  startup_stm32c031xx.o(.text)
    RTC_IRQHandler                           0x08000177   Thumb Code     0  startup_stm32c031xx.o(.text)
    SPI1_IRQHandler                          0x08000177   Thumb Code     0  startup_stm32c031xx.o(.text)
    TIM14_IRQHandler                         0x08000177   Thumb Code     0  startup_stm32c031xx.o(.text)
    TIM16_IRQHandler                         0x08000177   Thumb Code     0  startup_stm32c031xx.o(.text)
    TIM17_IRQHandler                         0x08000177   Thumb Code     0  startup_stm32c031xx.o(.text)
    TIM1_BRK_UP_TRG_COM_IRQHandler           0x08000177   Thumb Code     0  startup_stm32c031xx.o(.text)
    TIM1_CC_IRQHandler                       0x08000177   Thumb Code     0  startup_stm32c031xx.o(.text)
    TIM3_IRQHandler                          0x08000177   Thumb Code     0  startup_stm32c031xx.o(.text)
    USART1_IRQHandler                        0x08000177   Thumb Code     0  startup_stm32c031xx.o(.text)
    USART2_IRQHandler                        0x08000177   Thumb Code     0  startup_stm32c031xx.o(.text)
    WWDG_IRQHandler                          0x08000177   Thumb Code     0  startup_stm32c031xx.o(.text)
    __user_initial_stackheap                 0x08000179   Thumb Code     0  startup_stm32c031xx.o(.text)
    _memset_w                                0x08000199   Thumb Code    26  rt_memclr.o(.text)
    _memset                                  0x080001b3   Thumb Code    30  rt_memclr.o(.text)
    __aeabi_memclr                           0x080001d1   Thumb Code     4  rt_memclr.o(.text)
    __rt_memclr                              0x080001d1   Thumb Code     0  rt_memclr.o(.text)
    __aeabi_memclr4                          0x080001d5   Thumb Code     0  rt_memclr.o(.text)
    __aeabi_memclr8                          0x080001d5   Thumb Code     0  rt_memclr.o(.text)
    __rt_memclr_w                            0x080001d5   Thumb Code     4  rt_memclr.o(.text)
    __aeabi_uidiv                            0x080001d9   Thumb Code     0  aeabi_sdiv.o(.text)
    __aeabi_uidivmod                         0x080001d9   Thumb Code    20  aeabi_sdiv.o(.text)
    __aeabi_idiv                             0x080001ed   Thumb Code     0  aeabi_sdiv.o(.text)
    __aeabi_idivmod                          0x080001ed   Thumb Code   326  aeabi_sdiv.o(.text)
    __use_two_region_memory                  0x08000333   Thumb Code     2  heapauxi.o(.text)
    __rt_heap_escrow$2region                 0x08000335   Thumb Code     2  heapauxi.o(.text)
    __rt_heap_expand$2region                 0x08000337   Thumb Code     2  heapauxi.o(.text)
    __user_setup_stackheap                   0x08000339   Thumb Code    62  sys_stackheap_outer.o(.text)
    exit                                     0x08000377   Thumb Code    16  exit.o(.text)
    __user_libspace                          0x08000389   Thumb Code     8  libspace.o(.text)
    __user_perproc_libspace                  0x08000389   Thumb Code     0  libspace.o(.text)
    __user_perthread_libspace                0x08000389   Thumb Code     0  libspace.o(.text)
    _sys_exit                                0x08000391   Thumb Code     8  sys_exit.o(.text)
    __I$use$semihosting                      0x0800039d   Thumb Code     0  use_no_semi.o(.text)
    __use_no_semihosting_swi                 0x0800039d   Thumb Code     2  use_no_semi.o(.text)
    __semihosting_library_function           0x0800039f   Thumb Code     0  indicate_semi.o(.text)
    HAL_GetTick                              0x080003a1   Thumb Code     6  stm32c0xx_hal.o(i.HAL_GetTick)
    HAL_IncTick                              0x080003ad   Thumb Code    12  stm32c0xx_hal.o(i.HAL_IncTick)
    HAL_Init                                 0x080003bd   Thumb Code    26  stm32c0xx_hal.o(i.HAL_Init)
    HAL_InitTick                             0x080003d9   Thumb Code    64  stm32c0xx_hal.o(i.HAL_InitTick)
    HAL_MspInit                              0x08000421   Thumb Code    38  stm32c0xx_hal_msp.o(i.HAL_MspInit)
    HAL_NVIC_SetPriority                     0x0800044d   Thumb Code     8  stm32c0xx_hal_cortex.o(i.HAL_NVIC_SetPriority)
    HAL_RCC_ClockConfig                      0x08000455   Thumb Code   326  stm32c0xx_hal_rcc.o(i.HAL_RCC_ClockConfig)
    HAL_RCC_GetSysClockFreq                  0x080005b5   Thumb Code    80  stm32c0xx_hal_rcc.o(i.HAL_RCC_GetSysClockFreq)
    HAL_RCC_OscConfig                        0x08000611   Thumb Code   552  stm32c0xx_hal_rcc.o(i.HAL_RCC_OscConfig)
    HAL_SYSTICK_Config                       0x08000859   Thumb Code    38  stm32c0xx_hal_cortex.o(i.HAL_SYSTICK_Config)
    HardFault_Handler                        0x08000889   Thumb Code     2  stm32c0xx_it.o(i.HardFault_Handler)
    MX_GPIO_Init                             0x0800088d   Thumb Code    34  gpio.o(i.MX_GPIO_Init)
    NMI_Handler                              0x080008b5   Thumb Code     2  stm32c0xx_it.o(i.NMI_Handler)
    PendSV_Handler                           0x080008b7   Thumb Code     2  stm32c0xx_it.o(i.PendSV_Handler)
    SVC_Handler                              0x080008b9   Thumb Code     2  stm32c0xx_it.o(i.SVC_Handler)
    SysTick_Handler                          0x080008bb   Thumb Code     8  stm32c0xx_it.o(i.SysTick_Handler)
    SystemClock_Config                       0x080008c3   Thumb Code    82  main.o(i.SystemClock_Config)
    SystemInit                               0x08000915   Thumb Code    10  system_stm32c0xx.o(i.SystemInit)
    main                                     0x08000969   Thumb Code    22  main.o(i.main)
    AHBPrescTable                            0x08000980   Data          64  system_stm32c0xx.o(.constdata)
    Region$$Table$$Base                      0x080009c0   Number         0  anon$$obj.o(Region$$Table)
    Region$$Table$$Limit                     0x080009e0   Number         0  anon$$obj.o(Region$$Table)
    uwTickFreq                               0x20000000   Data           1  stm32c0xx_hal.o(.data)
    uwTickPrio                               0x20000004   Data           4  stm32c0xx_hal.o(.data)
    uwTick                                   0x20000008   Data           4  stm32c0xx_hal.o(.data)
    SystemCoreClock                          0x2000000c   Data           4  system_stm32c0xx.o(.data)
    __libspace_start                         0x20000010   Data          96  libspace.o(.bss)
    __temporary_stack_top$libspace           0x20000070   Data           0  libspace.o(.bss)



==============================================================================

Memory Map of the image

  Image Entry point : 0x080000c1

  Load Region LR_IROM1 (Base: 0x08000000, Size: 0x000009f0, Max: 0x00008000, ABSOLUTE)

    Execution Region ER_IROM1 (Exec base: 0x08000000, Load base: 0x08000000, Size: 0x000009e0, Max: 0x00008000, ABSOLUTE)

    Exec Addr    Load Addr    Size         Type   Attr      Idx    E Section Name        Object

    0x08000000   0x08000000   0x000000c0   Data   RO            3    RESET               startup_stm32c031xx.o
    0x080000c0   0x080000c0   0x00000008   Code   RO         1415  * !!!main             c_p.l(__main.o)
    0x080000c8   0x080000c8   0x0000003c   Code   RO         1586    !!!scatter          c_p.l(__scatter.o)
    0x08000104   0x08000104   0x0000001a   Code   RO         1588    !!handler_copy      c_p.l(__scatter_copy.o)
    0x0800011e   0x0800011e   0x00000002   PAD
    0x08000120   0x08000120   0x0000001c   Code   RO         1590    !!handler_zi        c_p.l(__scatter_zi.o)
    0x0800013c   0x0800013c   0x00000002   Code   RO         1453    .ARM.Collect$$libinit$$00000000  c_p.l(libinit.o)
    0x0800013e   0x0800013e   0x00000000   Code   RO         1467    .ARM.Collect$$libinit$$00000002  c_p.l(libinit2.o)
    0x0800013e   0x0800013e   0x00000000   Code   RO         1469    .ARM.Collect$$libinit$$00000004  c_p.l(libinit2.o)
    0x0800013e   0x0800013e   0x00000000   Code   RO         1472    .ARM.Collect$$libinit$$0000000A  c_p.l(libinit2.o)
    0x0800013e   0x0800013e   0x00000000   Code   RO         1474    .ARM.Collect$$libinit$$0000000C  c_p.l(libinit2.o)
    0x0800013e   0x0800013e   0x00000000   Code   RO         1476    .ARM.Collect$$libinit$$0000000E  c_p.l(libinit2.o)
    0x0800013e   0x0800013e   0x00000000   Code   RO         1479    .ARM.Collect$$libinit$$00000011  c_p.l(libinit2.o)
    0x0800013e   0x0800013e   0x00000000   Code   RO         1481    .ARM.Collect$$libinit$$00000013  c_p.l(libinit2.o)
    0x0800013e   0x0800013e   0x00000000   Code   RO         1483    .ARM.Collect$$libinit$$00000015  c_p.l(libinit2.o)
    0x0800013e   0x0800013e   0x00000000   Code   RO         1485    .ARM.Collect$$libinit$$00000017  c_p.l(libinit2.o)
    0x0800013e   0x0800013e   0x00000000   Code   RO         1487    .ARM.Collect$$libinit$$00000019  c_p.l(libinit2.o)
    0x0800013e   0x0800013e   0x00000000   Code   RO         1489    .ARM.Collect$$libinit$$0000001B  c_p.l(libinit2.o)
    0x0800013e   0x0800013e   0x00000000   Code   RO         1491    .ARM.Collect$$libinit$$0000001D  c_p.l(libinit2.o)
    0x0800013e   0x0800013e   0x00000000   Code   RO         1493    .ARM.Collect$$libinit$$0000001F  c_p.l(libinit2.o)
    0x0800013e   0x0800013e   0x00000000   Code   RO         1495    .ARM.Collect$$libinit$$00000021  c_p.l(libinit2.o)
    0x0800013e   0x0800013e   0x00000000   Code   RO         1497    .ARM.Collect$$libinit$$00000023  c_p.l(libinit2.o)
    0x0800013e   0x0800013e   0x00000000   Code   RO         1499    .ARM.Collect$$libinit$$00000025  c_p.l(libinit2.o)
    0x0800013e   0x0800013e   0x00000000   Code   RO         1503    .ARM.Collect$$libinit$$0000002C  c_p.l(libinit2.o)
    0x0800013e   0x0800013e   0x00000000   Code   RO         1505    .ARM.Collect$$libinit$$0000002E  c_p.l(libinit2.o)
    0x0800013e   0x0800013e   0x00000000   Code   RO         1507    .ARM.Collect$$libinit$$00000030  c_p.l(libinit2.o)
    0x0800013e   0x0800013e   0x00000000   Code   RO         1509    .ARM.Collect$$libinit$$00000032  c_p.l(libinit2.o)
    0x0800013e   0x0800013e   0x00000002   Code   RO         1510    .ARM.Collect$$libinit$$00000033  c_p.l(libinit2.o)
    0x08000140   0x08000140   0x00000002   Code   RO         1541    .ARM.Collect$$libshutdown$$00000000  c_p.l(libshutdown.o)
    0x08000142   0x08000142   0x00000000   Code   RO         1567    .ARM.Collect$$libshutdown$$00000002  c_p.l(libshutdown2.o)
    0x08000142   0x08000142   0x00000000   Code   RO         1569    .ARM.Collect$$libshutdown$$00000004  c_p.l(libshutdown2.o)
    0x08000142   0x08000142   0x00000000   Code   RO         1571    .ARM.Collect$$libshutdown$$00000006  c_p.l(libshutdown2.o)
    0x08000142   0x08000142   0x00000000   Code   RO         1574    .ARM.Collect$$libshutdown$$00000009  c_p.l(libshutdown2.o)
    0x08000142   0x08000142   0x00000000   Code   RO         1577    .ARM.Collect$$libshutdown$$0000000C  c_p.l(libshutdown2.o)
    0x08000142   0x08000142   0x00000000   Code   RO         1579    .ARM.Collect$$libshutdown$$0000000E  c_p.l(libshutdown2.o)
    0x08000142   0x08000142   0x00000000   Code   RO         1582    .ARM.Collect$$libshutdown$$00000011  c_p.l(libshutdown2.o)
    0x08000142   0x08000142   0x00000002   Code   RO         1583    .ARM.Collect$$libshutdown$$00000012  c_p.l(libshutdown2.o)
    0x08000144   0x08000144   0x00000000   Code   RO         1417    .ARM.Collect$$rtentry$$00000000  c_p.l(__rtentry.o)
    0x08000144   0x08000144   0x00000000   Code   RO         1423    .ARM.Collect$$rtentry$$00000002  c_p.l(__rtentry2.o)
    0x08000144   0x08000144   0x00000006   Code   RO         1435    .ARM.Collect$$rtentry$$00000004  c_p.l(__rtentry4.o)
    0x0800014a   0x0800014a   0x00000000   Code   RO         1425    .ARM.Collect$$rtentry$$00000009  c_p.l(__rtentry2.o)
    0x0800014a   0x0800014a   0x00000004   Code   RO         1426    .ARM.Collect$$rtentry$$0000000A  c_p.l(__rtentry2.o)
    0x0800014e   0x0800014e   0x00000000   Code   RO         1428    .ARM.Collect$$rtentry$$0000000C  c_p.l(__rtentry2.o)
    0x0800014e   0x0800014e   0x00000008   Code   RO         1429    .ARM.Collect$$rtentry$$0000000D  c_p.l(__rtentry2.o)
    0x08000156   0x08000156   0x00000002   Code   RO         1458    .ARM.Collect$$rtexit$$00000000  c_p.l(rtexit.o)
    0x08000158   0x08000158   0x00000000   Code   RO         1514    .ARM.Collect$$rtexit$$00000002  c_p.l(rtexit2.o)
    0x08000158   0x08000158   0x00000004   Code   RO         1515    .ARM.Collect$$rtexit$$00000003  c_p.l(rtexit2.o)
    0x0800015c   0x0800015c   0x00000006   Code   RO         1516    .ARM.Collect$$rtexit$$00000004  c_p.l(rtexit2.o)
    0x08000162   0x08000162   0x00000002   PAD
    0x08000164   0x08000164   0x00000034   Code   RO            4    .text               startup_stm32c031xx.o
    0x08000198   0x08000198   0x00000040   Code   RO         1407    .text               c_p.l(rt_memclr.o)
    0x080001d8   0x080001d8   0x0000015a   Code   RO         1409    .text               c_p.l(aeabi_sdiv.o)
    0x08000332   0x08000332   0x00000006   Code   RO         1413    .text               c_p.l(heapauxi.o)
    0x08000338   0x08000338   0x0000003e   Code   RO         1439    .text               c_p.l(sys_stackheap_outer.o)
    0x08000376   0x08000376   0x00000010   Code   RO         1442    .text               c_p.l(exit.o)
    0x08000386   0x08000386   0x00000002   PAD
    0x08000388   0x08000388   0x00000008   Code   RO         1454    .text               c_p.l(libspace.o)
    0x08000390   0x08000390   0x0000000c   Code   RO         1511    .text               c_p.l(sys_exit.o)
    0x0800039c   0x0800039c   0x00000002   Code   RO         1530    .text               c_p.l(use_no_semi.o)
    0x0800039e   0x0800039e   0x00000000   Code   RO         1532    .text               c_p.l(indicate_semi.o)
    0x0800039e   0x0800039e   0x00000002   PAD
    0x080003a0   0x080003a0   0x0000000c   Code   RO          234    i.HAL_GetTick       stm32c0xx_hal.o
    0x080003ac   0x080003ac   0x00000010   Code   RO          240    i.HAL_IncTick       stm32c0xx_hal.o
    0x080003bc   0x080003bc   0x0000001a   Code   RO          241    i.HAL_Init          stm32c0xx_hal.o
    0x080003d6   0x080003d6   0x00000002   PAD
    0x080003d8   0x080003d8   0x00000048   Code   RO          242    i.HAL_InitTick      stm32c0xx_hal.o
    0x08000420   0x08000420   0x0000002c   Code   RO          205    i.HAL_MspInit       stm32c0xx_hal_msp.o
    0x0800044c   0x0800044c   0x00000008   Code   RO          431    i.HAL_NVIC_SetPriority  stm32c0xx_hal_cortex.o
    0x08000454   0x08000454   0x00000160   Code   RO          535    i.HAL_RCC_ClockConfig  stm32c0xx_hal_rcc.o
    0x080005b4   0x080005b4   0x0000005c   Code   RO          544    i.HAL_RCC_GetSysClockFreq  stm32c0xx_hal_rcc.o
    0x08000610   0x08000610   0x00000248   Code   RO          548    i.HAL_RCC_OscConfig  stm32c0xx_hal_rcc.o
    0x08000858   0x08000858   0x00000030   Code   RO          435    i.HAL_SYSTICK_Config  stm32c0xx_hal_cortex.o
    0x08000888   0x08000888   0x00000002   Code   RO          158    i.HardFault_Handler  stm32c0xx_it.o
    0x0800088a   0x0800088a   0x00000002   PAD
    0x0800088c   0x0800088c   0x00000028   Code   RO          138    i.MX_GPIO_Init      gpio.o
    0x080008b4   0x080008b4   0x00000002   Code   RO          159    i.NMI_Handler       stm32c0xx_it.o
    0x080008b6   0x080008b6   0x00000002   Code   RO          160    i.PendSV_Handler    stm32c0xx_it.o
    0x080008b8   0x080008b8   0x00000002   Code   RO          161    i.SVC_Handler       stm32c0xx_it.o
    0x080008ba   0x080008ba   0x00000008   Code   RO          162    i.SysTick_Handler   stm32c0xx_it.o
    0x080008c2   0x080008c2   0x00000052   Code   RO           13    i.SystemClock_Config  main.o
    0x08000914   0x08000914   0x00000010   Code   RO         1374    i.SystemInit        system_stm32c0xx.o
    0x08000924   0x08000924   0x00000044   Code   RO          437    i.__NVIC_SetPriority  stm32c0xx_hal_cortex.o
    0x08000968   0x08000968   0x00000016   Code   RO           14    i.main              main.o
    0x0800097e   0x0800097e   0x00000002   PAD
    0x08000980   0x08000980   0x00000040   Data   RO         1375    .constdata          system_stm32c0xx.o
    0x080009c0   0x080009c0   0x00000020   Data   RO         1584    Region$$Table       anon$$obj.o


    Execution Region RW_IRAM1 (Exec base: 0x20000000, Load base: 0x080009e0, Size: 0x00000270, Max: 0x00003000, ABSOLUTE)

    Exec Addr    Load Addr    Size         Type   Attr      Idx    E Section Name        Object

    0x20000000   0x080009e0   0x0000000c   Data   RW          254    .data               stm32c0xx_hal.o
    0x2000000c   0x080009ec   0x00000004   Data   RW         1377    .data               system_stm32c0xx.o
    0x20000010        -       0x00000060   Zero   RW         1455    .bss                c_p.l(libspace.o)
    0x20000070        -       0x00000200   Zero   RW            2    HEAP                startup_stm32c031xx.o
    0x20000270        -       0x00000000   Zero   RW            1    STACK               startup_stm32c031xx.o


==============================================================================

Image component sizes


      Code (inc. data)   RO Data    RW Data    ZI Data      Debug   Object Name

        40          6          0          0          0        831   gpio.o
       104          0          0          0          0     288392   main.o
        52         22        192          0        512        664   startup_stm32c031xx.o
       126         18          0         12          0      14769   stm32c0xx_hal.o
       124         18          0          0          0      11712   stm32c0xx_hal_cortex.o
        44          6          0          0          0        886   stm32c0xx_hal_msp.o
      1028         70          0          0          0       4418   stm32c0xx_hal_rcc.o
        16          0          0          0          0       2267   stm32c0xx_it.o
        16          6         64          4          0       1275   system_stm32c0xx.o

    ----------------------------------------------------------------------
      1556        146        288         16        512     325214   Object Totals
         0          0         32          0          0          0   (incl. Generated)
         6          0          0          0          0          0   (incl. Padding)

    ----------------------------------------------------------------------

      Code (inc. data)   RO Data    RW Data    ZI Data      Debug   Library Member Name

         8          0          0          0          0         68   __main.o
         0          0          0          0          0          0   __rtentry.o
        12          0          0          0          0          0   __rtentry2.o
         6          0          0          0          0          0   __rtentry4.o
        60          8          0          0          0          0   __scatter.o
        26          0          0          0          0          0   __scatter_copy.o
        28          0          0          0          0          0   __scatter_zi.o
       346          0          0          0          0         92   aeabi_sdiv.o
        16          0          0          0          0         68   exit.o
         6          0          0          0          0        136   heapauxi.o
         0          0          0          0          0          0   indicate_semi.o
         2          0          0          0          0          0   libinit.o
         2          0          0          0          0          0   libinit2.o
         2          0          0          0          0          0   libshutdown.o
         2          0          0          0          0          0   libshutdown2.o
         8          4          0          0         96         68   libspace.o
        64          0          0          0          0        108   rt_memclr.o
         2          0          0          0          0          0   rtexit.o
        10          0          0          0          0          0   rtexit2.o
        12          4          0          0          0         60   sys_exit.o
        62          0          0          0          0         80   sys_stackheap_outer.o
         2          0          0          0          0         68   use_no_semi.o

    ----------------------------------------------------------------------
       684         16          0          0         96        748   Library Totals
         8          0          0          0          0          0   (incl. Padding)

    ----------------------------------------------------------------------

      Code (inc. data)   RO Data    RW Data    ZI Data      Debug   Library Name

       676         16          0          0         96        748   c_p.l

    ----------------------------------------------------------------------
       684         16          0          0         96        748   Library Totals

    ----------------------------------------------------------------------

==============================================================================


      Code (inc. data)   RO Data    RW Data    ZI Data      Debug   

      2240        162        288         16        608     324982   Grand Totals
      2240        162        288         16        608     324982   ELF Image Totals
      2240        162        288         16          0          0   ROM Totals

==============================================================================

    Total RO  Size (Code + RO Data)                 2528 (   2.47kB)
    Total RW  Size (RW Data + ZI Data)               624 (   0.61kB)
    Total ROM Size (Code + RO Data + RW Data)       2544 (   2.48kB)

==============================================================================

